[  234211ms] [ERROR] Failed to load resource: the server responded with a status of 404 () @ https://related-opossum-66.clerk.accounts.dev/v1/client/sessions/sess_3GTcBbAenIKzM8KlK5bi6sgJejL/tokens?__clerk_api_version=2026-05-12&_clerk_js_version=6.25.2&__clerk_db_jwt=dvb_3GCdTTAaYFLwypdowfGPoHlDHyJ:0
[  247852ms] [ERROR] Failed to load resource: the server responded with a status of 404 () @ https://related-opossum-66.clerk.accounts.dev/v1/client/sessions/sess_3GTcBbAenIKzM8KlK5bi6sgJejL/tokens?__clerk_api_version=2026-05-12&_clerk_js_version=6.25.2&__clerk_db_jwt=dvb_3GCdTTAaYFLwypdowfGPoHlDHyJ:0
[  253802ms] [ERROR] Failed to load resource: the server responded with a status of 404 () @ https://related-opossum-66.clerk.accounts.dev/v1/client/sessions/sess_3GTcBbAenIKzM8KlK5bi6sgJejL/tokens?__clerk_api_version=2026-05-12&_clerk_js_version=6.25.2&__clerk_db_jwt=dvb_3GCdTTAaYFLwypdowfGPoHlDHyJ:0
[  259401ms] [ERROR] Failed to load resource: the server responded with a status of 404 () @ https://related-opossum-66.clerk.accounts.dev/v1/client/sessions/sess_3GTcBbAenIKzM8KlK5bi6sgJejL/tokens?__clerk_api_version=2026-05-12&_clerk_js_version=6.25.2&__clerk_db_jwt=dvb_3GCdTTAaYFLwypdowfGPoHlDHyJ:0
[  265816ms] [ERROR] Failed to load resource: the server responded with a status of 404 () @ https://related-opossum-66.clerk.accounts.dev/v1/client/sessions/sess_3GTcBbAenIKzM8KlK5bi6sgJejL/tokens?__clerk_api_version=2026-05-12&_clerk_js_version=6.25.2&__clerk_db_jwt=dvb_3GCdTTAaYFLwypdowfGPoHlDHyJ:0
[  271618ms] [ERROR] Failed to load resource: the server responded with a status of 404 () @ https://related-opossum-66.clerk.accounts.dev/v1/client/sessions/sess_3GTcBbAenIKzM8KlK5bi6sgJejL/tokens?__clerk_api_version=2026-05-12&_clerk_js_version=6.25.2&__clerk_db_jwt=dvb_3GCdTTAaYFLwypdowfGPoHlDHyJ:0
[  277064ms] [ERROR] Failed to load resource: the server responded with a status of 404 () @ https://related-opossum-66.clerk.accounts.dev/v1/client/sessions/sess_3GTcBbAenIKzM8KlK5bi6sgJejL/tokens?__clerk_api_version=2026-05-12&_clerk_js_version=6.25.2&__clerk_db_jwt=dvb_3GCdTTAaYFLwypdowfGPoHlDHyJ:0
[  282426ms] [ERROR] Failed to load resource: the server responded with a status of 404 () @ https://related-opossum-66.clerk.accounts.dev/v1/client/sessions/sess_3GTcBbAenIKzM8KlK5bi6sgJejL/tokens?__clerk_api_version=2026-05-12&_clerk_js_version=6.25.2&__clerk_db_jwt=dvb_3GCdTTAaYFLwypdowfGPoHlDHyJ:0
[  288671ms] [ERROR] Failed to load resource: the server responded with a status of 404 () @ https://related-opossum-66.clerk.accounts.dev/v1/client/sessions/sess_3GTcBbAenIKzM8KlK5bi6sgJejL/tokens?__clerk_api_version=2026-05-12&_clerk_js_version=6.25.2&__clerk_db_jwt=dvb_3GCdTTAaYFLwypdowfGPoHlDHyJ:0
[  295191ms] [ERROR] Failed to load resource: the server responded with a status of 404 () @ https://related-opossum-66.clerk.accounts.dev/v1/client/sessions/sess_3GTcBbAenIKzM8KlK5bi6sgJejL/tokens?__clerk_api_version=2026-05-12&_clerk_js_version=6.25.2&__clerk_db_jwt=dvb_3GCdTTAaYFLwypdowfGPoHlDHyJ:0
[  300833ms] [ERROR] Failed to load resource: the server responded with a status of 404 () @ https://related-opossum-66.clerk.accounts.dev/v1/client/sessions/sess_3GTcBbAenIKzM8KlK5bi6sgJejL/tokens?__clerk_api_version=2026-05-12&_clerk_js_version=6.25.2&__clerk_db_jwt=dvb_3GCdTTAaYFLwypdowfGPoHlDHyJ:0
[  307480ms] [ERROR] Failed to load resource: the server responded with a status of 404 () @ https://related-opossum-66.clerk.accounts.dev/v1/client/sessions/sess_3GTcBbAenIKzM8KlK5bi6sgJejL/tokens?__clerk_api_version=2026-05-12&_clerk_js_version=6.25.2&__clerk_db_jwt=dvb_3GCdTTAaYFLwypdowfGPoHlDHyJ:0
[  313278ms] [ERROR] Failed to load resource: the server responded with a status of 404 () @ https://related-opossum-66.clerk.accounts.dev/v1/client/sessions/sess_3GTcBbAenIKzM8KlK5bi6sgJejL/tokens?__clerk_api_version=2026-05-12&_clerk_js_version=6.25.2&__clerk_db_jwt=dvb_3GCdTTAaYFLwypdowfGPoHlDHyJ:0
[  318762ms] [ERROR] Failed to load resource: the server responded with a status of 404 () @ https://related-opossum-66.clerk.accounts.dev/v1/client/sessions/sess_3GTcBbAenIKzM8KlK5bi6sgJejL/tokens?__clerk_api_version=2026-05-12&_clerk_js_version=6.25.2&__clerk_db_jwt=dvb_3GCdTTAaYFLwypdowfGPoHlDHyJ:0
[  325504ms] [ERROR] Failed to load resource: the server responded with a status of 404 () @ https://related-opossum-66.clerk.accounts.dev/v1/client/sessions/sess_3GTcBbAenIKzM8KlK5bi6sgJejL/tokens?__clerk_api_version=2026-05-12&_clerk_js_version=6.25.2&__clerk_db_jwt=dvb_3GCdTTAaYFLwypdowfGPoHlDHyJ:0
[  331403ms] [ERROR] Failed to load resource: the server responded with a status of 404 () @ https://related-opossum-66.clerk.accounts.dev/v1/client/sessions/sess_3GTcBbAenIKzM8KlK5bi6sgJejL/tokens?__clerk_api_version=2026-05-12&_clerk_js_version=6.25.2&__clerk_db_jwt=dvb_3GCdTTAaYFLwypdowfGPoHlDHyJ:0
[  337929ms] [ERROR] Failed to load resource: the server responded with a status of 404 () @ https://related-opossum-66.clerk.accounts.dev/v1/client/sessions/sess_3GTcBbAenIKzM8KlK5bi6sgJejL/tokens?__clerk_api_version=2026-05-12&_clerk_js_version=6.25.2&__clerk_db_jwt=dvb_3GCdTTAaYFLwypdowfGPoHlDHyJ:0
[  344404ms] [ERROR] Failed to load resource: the server responded with a status of 404 () @ https://related-opossum-66.clerk.accounts.dev/v1/client/sessions/sess_3GTcBbAenIKzM8KlK5bi6sgJejL/tokens?__clerk_api_version=2026-05-12&_clerk_js_version=6.25.2&__clerk_db_jwt=dvb_3GCdTTAaYFLwypdowfGPoHlDHyJ:0
[  349830ms] [ERROR] Failed to load resource: the server responded with a status of 404 () @ https://related-opossum-66.clerk.accounts.dev/v1/client/sessions/sess_3GTcBbAenIKzM8KlK5bi6sgJejL/tokens?__clerk_api_version=2026-05-12&_clerk_js_version=6.25.2&__clerk_db_jwt=dvb_3GCdTTAaYFLwypdowfGPoHlDHyJ:0
[  355427ms] [ERROR] Failed to load resource: the server responded with a status of 404 () @ https://related-opossum-66.clerk.accounts.dev/v1/client/sessions/sess_3GTcBbAenIKzM8KlK5bi6sgJejL/tokens?__clerk_api_version=2026-05-12&_clerk_js_version=6.25.2&__clerk_db_jwt=dvb_3GCdTTAaYFLwypdowfGPoHlDHyJ:0
[  360751ms] [ERROR] Failed to load resource: the server responded with a status of 404 () @ https://related-opossum-66.clerk.accounts.dev/v1/client/sessions/sess_3GTcBbAenIKzM8KlK5bi6sgJejL/tokens?__clerk_api_version=2026-05-12&_clerk_js_version=6.25.2&__clerk_db_jwt=dvb_3GCdTTAaYFLwypdowfGPoHlDHyJ:0
[  366369ms] [ERROR] Failed to load resource: the server responded with a status of 404 () @ https://related-opossum-66.clerk.accounts.dev/v1/client/sessions/sess_3GTcBbAenIKzM8KlK5bi6sgJejL/tokens?__clerk_api_version=2026-05-12&_clerk_js_version=6.25.2&__clerk_db_jwt=dvb_3GCdTTAaYFLwypdowfGPoHlDHyJ:0
[  372093ms] [ERROR] Failed to load resource: the server responded with a status of 404 () @ https://related-opossum-66.clerk.accounts.dev/v1/client/sessions/sess_3GTcBbAenIKzM8KlK5bi6sgJejL/tokens?__clerk_api_version=2026-05-12&_clerk_js_version=6.25.2&__clerk_db_jwt=dvb_3GCdTTAaYFLwypdowfGPoHlDHyJ:0
[  377917ms] [ERROR] Failed to load resource: the server responded with a status of 404 () @ https://related-opossum-66.clerk.accounts.dev/v1/client/sessions/sess_3GTcBbAenIKzM8KlK5bi6sgJejL/tokens?__clerk_api_version=2026-05-12&_clerk_js_version=6.25.2&__clerk_db_jwt=dvb_3GCdTTAaYFLwypdowfGPoHlDHyJ:0
[  383788ms] [ERROR] Failed to load resource: the server responded with a status of 404 () @ https://related-opossum-66.clerk.accounts.dev/v1/client/sessions/sess_3GTcBbAenIKzM8KlK5bi6sgJejL/tokens?__clerk_api_version=2026-05-12&_clerk_js_version=6.25.2&__clerk_db_jwt=dvb_3GCdTTAaYFLwypdowfGPoHlDHyJ:0
[  390532ms] [ERROR] Failed to load resource: the server responded with a status of 404 () @ https://related-opossum-66.clerk.accounts.dev/v1/client/sessions/sess_3GTcBbAenIKzM8KlK5bi6sgJejL/tokens?__clerk_api_version=2026-05-12&_clerk_js_version=6.25.2&__clerk_db_jwt=dvb_3GCdTTAaYFLwypdowfGPoHlDHyJ:0
[  396020ms] [ERROR] Failed to load resource: the server responded with a status of 404 () @ https://related-opossum-66.clerk.accounts.dev/v1/client/sessions/sess_3GTcBbAenIKzM8KlK5bi6sgJejL/tokens?__clerk_api_version=2026-05-12&_clerk_js_version=6.25.2&__clerk_db_jwt=dvb_3GCdTTAaYFLwypdowfGPoHlDHyJ:0
[  401884ms] [ERROR] Failed to load resource: the server responded with a status of 404 () @ https://related-opossum-66.clerk.accounts.dev/v1/client/sessions/sess_3GTcBbAenIKzM8KlK5bi6sgJejL/tokens?__clerk_api_version=2026-05-12&_clerk_js_version=6.25.2&__clerk_db_jwt=dvb_3GCdTTAaYFLwypdowfGPoHlDHyJ:0
[  407937ms] [ERROR] Failed to load resource: the server responded with a status of 404 () @ https://related-opossum-66.clerk.accounts.dev/v1/client/sessions/sess_3GTcBbAenIKzM8KlK5bi6sgJejL/tokens?__clerk_api_version=2026-05-12&_clerk_js_version=6.25.2&__clerk_db_jwt=dvb_3GCdTTAaYFLwypdowfGPoHlDHyJ:0
[  414134ms] [ERROR] Failed to load resource: the server responded with a status of 404 () @ https://related-opossum-66.clerk.accounts.dev/v1/client/sessions/sess_3GTcBbAenIKzM8KlK5bi6sgJejL/tokens?__clerk_api_version=2026-05-12&_clerk_js_version=6.25.2&__clerk_db_jwt=dvb_3GCdTTAaYFLwypdowfGPoHlDHyJ:0
[  419744ms] [ERROR] Failed to load resource: the server responded with a status of 404 () @ https://related-opossum-66.clerk.accounts.dev/v1/client/sessions/sess_3GTcBbAenIKzM8KlK5bi6sgJejL/tokens?__clerk_api_version=2026-05-12&_clerk_js_version=6.25.2&__clerk_db_jwt=dvb_3GCdTTAaYFLwypdowfGPoHlDHyJ:0
[  426239ms] [ERROR] Failed to load resource: the server responded with a status of 404 () @ https://related-opossum-66.clerk.accounts.dev/v1/client/sessions/sess_3GTcBbAenIKzM8KlK5bi6sgJejL/tokens?__clerk_api_version=2026-05-12&_clerk_js_version=6.25.2&__clerk_db_jwt=dvb_3GCdTTAaYFLwypdowfGPoHlDHyJ:0
[  432820ms] [ERROR] Failed to load resource: the server responded with a status of 404 () @ https://related-opossum-66.clerk.accounts.dev/v1/client/sessions/sess_3GTcBbAenIKzM8KlK5bi6sgJejL/tokens?__clerk_api_version=2026-05-12&_clerk_js_version=6.25.2&__clerk_db_jwt=dvb_3GCdTTAaYFLwypdowfGPoHlDHyJ:0
[  438275ms] [ERROR] Failed to load resource: the server responded with a status of 404 () @ https://related-opossum-66.clerk.accounts.dev/v1/client/sessions/sess_3GTcBbAenIKzM8KlK5bi6sgJejL/tokens?__clerk_api_version=2026-05-12&_clerk_js_version=6.25.2&__clerk_db_jwt=dvb_3GCdTTAaYFLwypdowfGPoHlDHyJ:0
[  444560ms] [ERROR] Failed to load resource: the server responded with a status of 404 () @ https://related-opossum-66.clerk.accounts.dev/v1/client/sessions/sess_3GTcBbAenIKzM8KlK5bi6sgJejL/tokens?__clerk_api_version=2026-05-12&_clerk_js_version=6.25.2&__clerk_db_jwt=dvb_3GCdTTAaYFLwypdowfGPoHlDHyJ:0
[  450827ms] [ERROR] Failed to load resource: the server responded with a status of 404 () @ https://related-opossum-66.clerk.accounts.dev/v1/client/sessions/sess_3GTcBbAenIKzM8KlK5bi6sgJejL/tokens?__clerk_api_version=2026-05-12&_clerk_js_version=6.25.2&__clerk_db_jwt=dvb_3GCdTTAaYFLwypdowfGPoHlDHyJ:0
[  456400ms] [ERROR] Failed to load resource: the server responded with a status of 404 () @ https://related-opossum-66.clerk.accounts.dev/v1/client/sessions/sess_3GTcBbAenIKzM8KlK5bi6sgJejL/tokens?__clerk_api_version=2026-05-12&_clerk_js_version=6.25.2&__clerk_db_jwt=dvb_3GCdTTAaYFLwypdowfGPoHlDHyJ:0
[  463144ms] [ERROR] Failed to load resource: the server responded with a status of 404 () @ https://related-opossum-66.clerk.accounts.dev/v1/client/sessions/sess_3GTcBbAenIKzM8KlK5bi6sgJejL/tokens?__clerk_api_version=2026-05-12&_clerk_js_version=6.25.2&__clerk_db_jwt=dvb_3GCdTTAaYFLwypdowfGPoHlDHyJ:0
[  469033ms] [ERROR] Failed to load resource: the server responded with a status of 404 () @ https://related-opossum-66.clerk.accounts.dev/v1/client/sessions/sess_3GTcBbAenIKzM8KlK5bi6sgJejL/tokens?__clerk_api_version=2026-05-12&_clerk_js_version=6.25.2&__clerk_db_jwt=dvb_3GCdTTAaYFLwypdowfGPoHlDHyJ:0
[  475418ms] [ERROR] Failed to load resource: the server responded with a status of 404 () @ https://related-opossum-66.clerk.accounts.dev/v1/client/sessions/sess_3GTcBbAenIKzM8KlK5bi6sgJejL/tokens?__clerk_api_version=2026-05-12&_clerk_js_version=6.25.2&__clerk_db_jwt=dvb_3GCdTTAaYFLwypdowfGPoHlDHyJ:0
[  481902ms] [ERROR] Failed to load resource: the server responded with a status of 404 () @ https://related-opossum-66.clerk.accounts.dev/v1/client/sessions/sess_3GTcBbAenIKzM8KlK5bi6sgJejL/tokens?__clerk_api_version=2026-05-12&_clerk_js_version=6.25.2&__clerk_db_jwt=dvb_3GCdTTAaYFLwypdowfGPoHlDHyJ:0
[  488404ms] [ERROR] Failed to load resource: the server responded with a status of 404 () @ https://related-opossum-66.clerk.accounts.dev/v1/client/sessions/sess_3GTcBbAenIKzM8KlK5bi6sgJejL/tokens?__clerk_api_version=2026-05-12&_clerk_js_version=6.25.2&__clerk_db_jwt=dvb_3GCdTTAaYFLwypdowfGPoHlDHyJ:0
[  494473ms] [ERROR] Failed to load resource: the server responded with a status of 404 () @ https://related-opossum-66.clerk.accounts.dev/v1/client/sessions/sess_3GTcBbAenIKzM8KlK5bi6sgJejL/tokens?__clerk_api_version=2026-05-12&_clerk_js_version=6.25.2&__clerk_db_jwt=dvb_3GCdTTAaYFLwypdowfGPoHlDHyJ:0
[  500998ms] [ERROR] Failed to load resource: the server responded with a status of 404 () @ https://related-opossum-66.clerk.accounts.dev/v1/client/sessions/sess_3GTcBbAenIKzM8KlK5bi6sgJejL/tokens?__clerk_api_version=2026-05-12&_clerk_js_version=6.25.2&__clerk_db_jwt=dvb_3GCdTTAaYFLwypdowfGPoHlDHyJ:0
[  507824ms] [ERROR] Failed to load resource: the server responded with a status of 404 () @ https://related-opossum-66.clerk.accounts.dev/v1/client/sessions/sess_3GTcBbAenIKzM8KlK5bi6sgJejL/tokens?__clerk_api_version=2026-05-12&_clerk_js_version=6.25.2&__clerk_db_jwt=dvb_3GCdTTAaYFLwypdowfGPoHlDHyJ:0
[  513570ms] [ERROR] Failed to load resource: the server responded with a status of 404 () @ https://related-opossum-66.clerk.accounts.dev/v1/client/sessions/sess_3GTcBbAenIKzM8KlK5bi6sgJejL/tokens?__clerk_api_version=2026-05-12&_clerk_js_version=6.25.2&__clerk_db_jwt=dvb_3GCdTTAaYFLwypdowfGPoHlDHyJ:0
[  519660ms] [ERROR] Failed to load resource: the server responded with a status of 404 () @ https://related-opossum-66.clerk.accounts.dev/v1/client/sessions/sess_3GTcBbAenIKzM8KlK5bi6sgJejL/tokens?__clerk_api_version=2026-05-12&_clerk_js_version=6.25.2&__clerk_db_jwt=dvb_3GCdTTAaYFLwypdowfGPoHlDHyJ:0
[  526105ms] [ERROR] Failed to load resource: the server responded with a status of 404 () @ https://related-opossum-66.clerk.accounts.dev/v1/client/sessions/sess_3GTcBbAenIKzM8KlK5bi6sgJejL/tokens?__clerk_api_version=2026-05-12&_clerk_js_version=6.25.2&__clerk_db_jwt=dvb_3GCdTTAaYFLwypdowfGPoHlDHyJ:0
[  532242ms] [ERROR] Failed to load resource: the server responded with a status of 404 () @ https://related-opossum-66.clerk.accounts.dev/v1/client/sessions/sess_3GTcBbAenIKzM8KlK5bi6sgJejL/tokens?__clerk_api_version=2026-05-12&_clerk_js_version=6.25.2&__clerk_db_jwt=dvb_3GCdTTAaYFLwypdowfGPoHlDHyJ:0
[  538086ms] [ERROR] Failed to load resource: the server responded with a status of 404 () @ https://related-opossum-66.clerk.accounts.dev/v1/client/sessions/sess_3GTcBbAenIKzM8KlK5bi6sgJejL/tokens?__clerk_api_version=2026-05-12&_clerk_js_version=6.25.2&__clerk_db_jwt=dvb_3GCdTTAaYFLwypdowfGPoHlDHyJ:0
[  544494ms] [ERROR] Failed to load resource: the server responded with a status of 404 () @ https://related-opossum-66.clerk.accounts.dev/v1/client/sessions/sess_3GTcBbAenIKzM8KlK5bi6sgJejL/tokens?__clerk_api_version=2026-05-12&_clerk_js_version=6.25.2&__clerk_db_jwt=dvb_3GCdTTAaYFLwypdowfGPoHlDHyJ:0
[  551195ms] [ERROR] Failed to load resource: the server responded with a status of 404 () @ https://related-opossum-66.clerk.accounts.dev/v1/client/sessions/sess_3GTcBbAenIKzM8KlK5bi6sgJejL/tokens?__clerk_api_version=2026-05-12&_clerk_js_version=6.25.2&__clerk_db_jwt=dvb_3GCdTTAaYFLwypdowfGPoHlDHyJ:0
[  557366ms] [ERROR] Failed to load resource: the server responded with a status of 404 () @ https://related-opossum-66.clerk.accounts.dev/v1/client/sessions/sess_3GTcBbAenIKzM8KlK5bi6sgJejL/tokens?__clerk_api_version=2026-05-12&_clerk_js_version=6.25.2&__clerk_db_jwt=dvb_3GCdTTAaYFLwypdowfGPoHlDHyJ:0
[  563410ms] [ERROR] Failed to load resource: the server responded with a status of 404 () @ https://related-opossum-66.clerk.accounts.dev/v1/client/sessions/sess_3GTcBbAenIKzM8KlK5bi6sgJejL/tokens?__clerk_api_version=2026-05-12&_clerk_js_version=6.25.2&__clerk_db_jwt=dvb_3GCdTTAaYFLwypdowfGPoHlDHyJ:0
[  568792ms] [ERROR] Failed to load resource: the server responded with a status of 404 () @ https://related-opossum-66.clerk.accounts.dev/v1/client/sessions/sess_3GTcBbAenIKzM8KlK5bi6sgJejL/tokens?__clerk_api_version=2026-05-12&_clerk_js_version=6.25.2&__clerk_db_jwt=dvb_3GCdTTAaYFLwypdowfGPoHlDHyJ:0
[  575248ms] [ERROR] Failed to load resource: the server responded with a status of 404 () @ https://related-opossum-66.clerk.accounts.dev/v1/client/sessions/sess_3GTcBbAenIKzM8KlK5bi6sgJejL/tokens?__clerk_api_version=2026-05-12&_clerk_js_version=6.25.2&__clerk_db_jwt=dvb_3GCdTTAaYFLwypdowfGPoHlDHyJ:0
[  580826ms] [ERROR] Failed to load resource: the server responded with a status of 404 () @ https://related-opossum-66.clerk.accounts.dev/v1/client/sessions/sess_3GTcBbAenIKzM8KlK5bi6sgJejL/tokens?__clerk_api_version=2026-05-12&_clerk_js_version=6.25.2&__clerk_db_jwt=dvb_3GCdTTAaYFLwypdowfGPoHlDHyJ:0
[  583444ms] [ERROR] Failed to load resource: the server responded with a status of 401 (Unauthorized) @ http://localhost:3000/api/projects/cmrk2v4qn0000d4kcren1mgrj/canvas:0
[  583445ms] [ERROR] Error: Canvas autosave failed (401)
    at useCanvasAutosave.useCallback[save] (http://localhost:3000/_next/static/chunks/_0qgl2cd._.js:3994:27) @ http://localhost:3000/_next/static/chunks/node_modules_next_dist_1ybzpk2._.js:3318
[  585928ms] [ERROR] Failed to load resource: the server responded with a status of 401 (Unauthorized) @ http://localhost:3000/api/projects/cmrk2v4qn0000d4kcren1mgrj/canvas:0
[  585929ms] [ERROR] Error: Canvas autosave failed (401)
    at useCanvasAutosave.useCallback[save] (http://localhost:3000/_next/static/chunks/_0qgl2cd._.js:3994:27) @ http://localhost:3000/_next/static/chunks/node_modules_next_dist_1ybzpk2._.js:3318
[  586626ms] [ERROR] Failed to load resource: the server responded with a status of 404 () @ https://related-opossum-66.clerk.accounts.dev/v1/client/sessions/sess_3GTcBbAenIKzM8KlK5bi6sgJejL/tokens?__clerk_api_version=2026-05-12&_clerk_js_version=6.25.2&__clerk_db_jwt=dvb_3GCdTTAaYFLwypdowfGPoHlDHyJ:0
[  592129ms] [ERROR] Failed to load resource: the server responded with a status of 404 () @ https://related-opossum-66.clerk.accounts.dev/v1/client/sessions/sess_3GTcBbAenIKzM8KlK5bi6sgJejL/tokens?__clerk_api_version=2026-05-12&_clerk_js_version=6.25.2&__clerk_db_jwt=dvb_3GCdTTAaYFLwypdowfGPoHlDHyJ:0
[  597491ms] [ERROR] Failed to load resource: the server responded with a status of 404 () @ https://related-opossum-66.clerk.accounts.dev/v1/client/sessions/sess_3GTcBbAenIKzM8KlK5bi6sgJejL/tokens?__clerk_api_version=2026-05-12&_clerk_js_version=6.25.2&__clerk_db_jwt=dvb_3GCdTTAaYFLwypdowfGPoHlDHyJ:0
[  603265ms] [ERROR] Failed to load resource: the server responded with a status of 404 () @ https://related-opossum-66.clerk.accounts.dev/v1/client/sessions/sess_3GTcBbAenIKzM8KlK5bi6sgJejL/tokens?__clerk_api_version=2026-05-12&_clerk_js_version=6.25.2&__clerk_db_jwt=dvb_3GCdTTAaYFLwypdowfGPoHlDHyJ:0
[  605887ms] [ERROR] WebSocket connection to 'ws://localhost:3000/_next/webpack-hmr?id=WaspRVuAj-qo-Rnc7xiqX' failed: Error in connection establishment: net::ERR_CONNECTION_REFUSED @ http://localhost:3000/_next/static/chunks/node_modules_next_dist_client_0r5nbpw._.js:13422
[  607632ms] [LOG] [HMR] connected @ http://localhost:3000/_next/static/chunks/node_modules_next_dist_1ybzpk2._.js:2477
[  608569ms] [ERROR] Failed to load resource: the server responded with a status of 404 () @ https://related-opossum-66.clerk.accounts.dev/v1/client/sessions/sess_3GTcBbAenIKzM8KlK5bi6sgJejL/tokens?__clerk_api_version=2026-05-12&_clerk_js_version=6.25.2&__clerk_db_jwt=dvb_3GCdTTAaYFLwypdowfGPoHlDHyJ:0
[  609338ms] [INFO] %cDownload the React DevTools for a better development experience: https://react.dev/link/react-devtools font-weight:bold @ http://localhost:3000/_next/static/chunks/node_modules_next_dist_1ybzpk2._.js:2477
[  609345ms] [LOG] [HMR] connected @ http://localhost:3000/_next/static/chunks/node_modules_next_dist_1ybzpk2._.js:2477
[  609657ms] [WARNING] Clerk: Clerk has been loaded with development keys. Development instances have strict usage limits and should not be used when deploying your application to production. Learn more: https://clerk.com/docs/deployments/overview @ http://localhost:3000/_next/static/chunks/node_modules_next_dist_1ybzpk2._.js:2477
[  610099ms] [VERBOSE] [DOM] Input elements should have autocomplete attributes (suggested: "current-password"): (More info: https://goo.gl/9p2vKq) %o @ http://localhost:3000/sign-in?redirect_url=http%3A%2F%2Flocalhost%3A3000%2Feditor%2Fcmrk2v4qn0000d4kcren1mgrj:0
[  816985ms] [LOG] [Fast Refresh] rebuilding @ http://localhost:3000/_next/static/chunks/node_modules_next_dist_1ybzpk2._.js:2477
[  817038ms] [LOG] [Fast Refresh] done in 154ms @ http://localhost:3000/_next/static/chunks/node_modules_next_dist_1ybzpk2._.js:2477
