[   78594ms] [ERROR] Failed to load resource: the server responded with a status of 404 () @ https://related-opossum-66.clerk.accounts.dev/v1/client/sessions/sess_3GS2rZojFrwM6psiwgFxO43xHm8/tokens?__clerk_api_version=2026-05-12&_clerk_js_version=6.25.2&__clerk_db_jwt=dvb_3GCdTTAaYFLwypdowfGPoHlDHyJ:0
[   84761ms] [ERROR] Failed to load resource: the server responded with a status of 404 () @ https://related-opossum-66.clerk.accounts.dev/v1/client/sessions/sess_3GS2rZojFrwM6psiwgFxO43xHm8/tokens?__clerk_api_version=2026-05-12&_clerk_js_version=6.25.2&__clerk_db_jwt=dvb_3GCdTTAaYFLwypdowfGPoHlDHyJ:0
[   91366ms] [ERROR] Failed to load resource: the server responded with a status of 404 () @ https://related-opossum-66.clerk.accounts.dev/v1/client/sessions/sess_3GS2rZojFrwM6psiwgFxO43xHm8/tokens?__clerk_api_version=2026-05-12&_clerk_js_version=6.25.2&__clerk_db_jwt=dvb_3GCdTTAaYFLwypdowfGPoHlDHyJ:0
[   96793ms] [ERROR] Failed to load resource: the server responded with a status of 404 () @ https://related-opossum-66.clerk.accounts.dev/v1/client/sessions/sess_3GS2rZojFrwM6psiwgFxO43xHm8/tokens?__clerk_api_version=2026-05-12&_clerk_js_version=6.25.2&__clerk_db_jwt=dvb_3GCdTTAaYFLwypdowfGPoHlDHyJ:0
[  103436ms] [ERROR] Failed to load resource: the server responded with a status of 404 () @ https://related-opossum-66.clerk.accounts.dev/v1/client/sessions/sess_3GS2rZojFrwM6psiwgFxO43xHm8/tokens?__clerk_api_version=2026-05-12&_clerk_js_version=6.25.2&__clerk_db_jwt=dvb_3GCdTTAaYFLwypdowfGPoHlDHyJ:0
[  109743ms] [ERROR] Failed to load resource: the server responded with a status of 404 () @ https://related-opossum-66.clerk.accounts.dev/v1/client/sessions/sess_3GS2rZojFrwM6psiwgFxO43xHm8/tokens?__clerk_api_version=2026-05-12&_clerk_js_version=6.25.2&__clerk_db_jwt=dvb_3GCdTTAaYFLwypdowfGPoHlDHyJ:0
[  115211ms] [ERROR] Failed to load resource: the server responded with a status of 404 () @ https://related-opossum-66.clerk.accounts.dev/v1/client/sessions/sess_3GS2rZojFrwM6psiwgFxO43xHm8/tokens?__clerk_api_version=2026-05-12&_clerk_js_version=6.25.2&__clerk_db_jwt=dvb_3GCdTTAaYFLwypdowfGPoHlDHyJ:0
[  121371ms] [ERROR] Failed to load resource: the server responded with a status of 404 () @ https://related-opossum-66.clerk.accounts.dev/v1/client/sessions/sess_3GS2rZojFrwM6psiwgFxO43xHm8/tokens?__clerk_api_version=2026-05-12&_clerk_js_version=6.25.2&__clerk_db_jwt=dvb_3GCdTTAaYFLwypdowfGPoHlDHyJ:0
[  128205ms] [ERROR] Failed to load resource: the server responded with a status of 404 () @ https://related-opossum-66.clerk.accounts.dev/v1/client/sessions/sess_3GS2rZojFrwM6psiwgFxO43xHm8/tokens?__clerk_api_version=2026-05-12&_clerk_js_version=6.25.2&__clerk_db_jwt=dvb_3GCdTTAaYFLwypdowfGPoHlDHyJ:0
[  134819ms] [ERROR] Failed to load resource: the server responded with a status of 404 () @ https://related-opossum-66.clerk.accounts.dev/v1/client/sessions/sess_3GS2rZojFrwM6psiwgFxO43xHm8/tokens?__clerk_api_version=2026-05-12&_clerk_js_version=6.25.2&__clerk_db_jwt=dvb_3GCdTTAaYFLwypdowfGPoHlDHyJ:0
[  140279ms] [ERROR] Failed to load resource: the server responded with a status of 404 () @ https://related-opossum-66.clerk.accounts.dev/v1/client/sessions/sess_3GS2rZojFrwM6psiwgFxO43xHm8/tokens?__clerk_api_version=2026-05-12&_clerk_js_version=6.25.2&__clerk_db_jwt=dvb_3GCdTTAaYFLwypdowfGPoHlDHyJ:0
[  146977ms] [ERROR] Failed to load resource: the server responded with a status of 404 () @ https://related-opossum-66.clerk.accounts.dev/v1/client/sessions/sess_3GS2rZojFrwM6psiwgFxO43xHm8/tokens?__clerk_api_version=2026-05-12&_clerk_js_version=6.25.2&__clerk_db_jwt=dvb_3GCdTTAaYFLwypdowfGPoHlDHyJ:0
[  152441ms] [ERROR] Failed to load resource: the server responded with a status of 404 () @ https://related-opossum-66.clerk.accounts.dev/v1/client/sessions/sess_3GS2rZojFrwM6psiwgFxO43xHm8/tokens?__clerk_api_version=2026-05-12&_clerk_js_version=6.25.2&__clerk_db_jwt=dvb_3GCdTTAaYFLwypdowfGPoHlDHyJ:0
[  158807ms] [ERROR] Failed to load resource: the server responded with a status of 404 () @ https://related-opossum-66.clerk.accounts.dev/v1/client/sessions/sess_3GS2rZojFrwM6psiwgFxO43xHm8/tokens?__clerk_api_version=2026-05-12&_clerk_js_version=6.25.2&__clerk_db_jwt=dvb_3GCdTTAaYFLwypdowfGPoHlDHyJ:0
[  164276ms] [ERROR] Failed to load resource: the server responded with a status of 404 () @ https://related-opossum-66.clerk.accounts.dev/v1/client/sessions/sess_3GS2rZojFrwM6psiwgFxO43xHm8/tokens?__clerk_api_version=2026-05-12&_clerk_js_version=6.25.2&__clerk_db_jwt=dvb_3GCdTTAaYFLwypdowfGPoHlDHyJ:0
[  170723ms] [ERROR] Failed to load resource: the server responded with a status of 404 () @ https://related-opossum-66.clerk.accounts.dev/v1/client/sessions/sess_3GS2rZojFrwM6psiwgFxO43xHm8/tokens?__clerk_api_version=2026-05-12&_clerk_js_version=6.25.2&__clerk_db_jwt=dvb_3GCdTTAaYFLwypdowfGPoHlDHyJ:0
[  176265ms] [ERROR] Failed to load resource: the server responded with a status of 404 () @ https://related-opossum-66.clerk.accounts.dev/v1/client/sessions/sess_3GS2rZojFrwM6psiwgFxO43xHm8/tokens?__clerk_api_version=2026-05-12&_clerk_js_version=6.25.2&__clerk_db_jwt=dvb_3GCdTTAaYFLwypdowfGPoHlDHyJ:0
[  183075ms] [ERROR] Failed to load resource: the server responded with a status of 404 () @ https://related-opossum-66.clerk.accounts.dev/v1/client/sessions/sess_3GS2rZojFrwM6psiwgFxO43xHm8/tokens?__clerk_api_version=2026-05-12&_clerk_js_version=6.25.2&__clerk_db_jwt=dvb_3GCdTTAaYFLwypdowfGPoHlDHyJ:0
[  189706ms] [ERROR] Failed to load resource: the server responded with a status of 404 () @ https://related-opossum-66.clerk.accounts.dev/v1/client/sessions/sess_3GS2rZojFrwM6psiwgFxO43xHm8/tokens?__clerk_api_version=2026-05-12&_clerk_js_version=6.25.2&__clerk_db_jwt=dvb_3GCdTTAaYFLwypdowfGPoHlDHyJ:0
[  195748ms] [ERROR] Failed to load resource: the server responded with a status of 404 () @ https://related-opossum-66.clerk.accounts.dev/v1/client/sessions/sess_3GS2rZojFrwM6psiwgFxO43xHm8/tokens?__clerk_api_version=2026-05-12&_clerk_js_version=6.25.2&__clerk_db_jwt=dvb_3GCdTTAaYFLwypdowfGPoHlDHyJ:0
[  201247ms] [ERROR] Failed to load resource: the server responded with a status of 404 () @ https://related-opossum-66.clerk.accounts.dev/v1/client/sessions/sess_3GS2rZojFrwM6psiwgFxO43xHm8/tokens?__clerk_api_version=2026-05-12&_clerk_js_version=6.25.2&__clerk_db_jwt=dvb_3GCdTTAaYFLwypdowfGPoHlDHyJ:0
[  207371ms] [ERROR] Failed to load resource: the server responded with a status of 404 () @ https://related-opossum-66.clerk.accounts.dev/v1/client/sessions/sess_3GS2rZojFrwM6psiwgFxO43xHm8/tokens?__clerk_api_version=2026-05-12&_clerk_js_version=6.25.2&__clerk_db_jwt=dvb_3GCdTTAaYFLwypdowfGPoHlDHyJ:0
[  213010ms] [ERROR] Failed to load resource: the server responded with a status of 404 () @ https://related-opossum-66.clerk.accounts.dev/v1/client/sessions/sess_3GS2rZojFrwM6psiwgFxO43xHm8/tokens?__clerk_api_version=2026-05-12&_clerk_js_version=6.25.2&__clerk_db_jwt=dvb_3GCdTTAaYFLwypdowfGPoHlDHyJ:0
[  220490ms] [ERROR] Failed to load resource: the server responded with a status of 404 () @ https://related-opossum-66.clerk.accounts.dev/v1/client/sessions/sess_3GS2rZojFrwM6psiwgFxO43xHm8/tokens?__clerk_api_version=2026-05-12&_clerk_js_version=6.25.2&__clerk_db_jwt=dvb_3GCdTTAaYFLwypdowfGPoHlDHyJ:0
[  226104ms] [ERROR] Failed to load resource: the server responded with a status of 404 () @ https://related-opossum-66.clerk.accounts.dev/v1/client/sessions/sess_3GS2rZojFrwM6psiwgFxO43xHm8/tokens?__clerk_api_version=2026-05-12&_clerk_js_version=6.25.2&__clerk_db_jwt=dvb_3GCdTTAaYFLwypdowfGPoHlDHyJ:0
[  231685ms] [ERROR] Failed to load resource: the server responded with a status of 404 () @ https://related-opossum-66.clerk.accounts.dev/v1/client/sessions/sess_3GS2rZojFrwM6psiwgFxO43xHm8/tokens?__clerk_api_version=2026-05-12&_clerk_js_version=6.25.2&__clerk_db_jwt=dvb_3GCdTTAaYFLwypdowfGPoHlDHyJ:0
[  237799ms] [ERROR] Failed to load resource: the server responded with a status of 404 () @ https://related-opossum-66.clerk.accounts.dev/v1/client/sessions/sess_3GS2rZojFrwM6psiwgFxO43xHm8/tokens?__clerk_api_version=2026-05-12&_clerk_js_version=6.25.2&__clerk_db_jwt=dvb_3GCdTTAaYFLwypdowfGPoHlDHyJ:0
[  244263ms] [ERROR] Failed to load resource: the server responded with a status of 404 () @ https://related-opossum-66.clerk.accounts.dev/v1/client/sessions/sess_3GS2rZojFrwM6psiwgFxO43xHm8/tokens?__clerk_api_version=2026-05-12&_clerk_js_version=6.25.2&__clerk_db_jwt=dvb_3GCdTTAaYFLwypdowfGPoHlDHyJ:0
[  250104ms] [ERROR] Failed to load resource: the server responded with a status of 404 () @ https://related-opossum-66.clerk.accounts.dev/v1/client/sessions/sess_3GS2rZojFrwM6psiwgFxO43xHm8/tokens?__clerk_api_version=2026-05-12&_clerk_js_version=6.25.2&__clerk_db_jwt=dvb_3GCdTTAaYFLwypdowfGPoHlDHyJ:0
[  255701ms] [ERROR] Failed to load resource: the server responded with a status of 404 () @ https://related-opossum-66.clerk.accounts.dev/v1/client/sessions/sess_3GS2rZojFrwM6psiwgFxO43xHm8/tokens?__clerk_api_version=2026-05-12&_clerk_js_version=6.25.2&__clerk_db_jwt=dvb_3GCdTTAaYFLwypdowfGPoHlDHyJ:0
[  262260ms] [ERROR] Failed to load resource: the server responded with a status of 404 () @ https://related-opossum-66.clerk.accounts.dev/v1/client/sessions/sess_3GS2rZojFrwM6psiwgFxO43xHm8/tokens?__clerk_api_version=2026-05-12&_clerk_js_version=6.25.2&__clerk_db_jwt=dvb_3GCdTTAaYFLwypdowfGPoHlDHyJ:0
[  269007ms] [ERROR] Failed to load resource: the server responded with a status of 404 () @ https://related-opossum-66.clerk.accounts.dev/v1/client/sessions/sess_3GS2rZojFrwM6psiwgFxO43xHm8/tokens?__clerk_api_version=2026-05-12&_clerk_js_version=6.25.2&__clerk_db_jwt=dvb_3GCdTTAaYFLwypdowfGPoHlDHyJ:0
[  274370ms] [ERROR] Failed to load resource: the server responded with a status of 404 () @ https://related-opossum-66.clerk.accounts.dev/v1/client/sessions/sess_3GS2rZojFrwM6psiwgFxO43xHm8/tokens?__clerk_api_version=2026-05-12&_clerk_js_version=6.25.2&__clerk_db_jwt=dvb_3GCdTTAaYFLwypdowfGPoHlDHyJ:0
[  280947ms] [ERROR] Failed to load resource: the server responded with a status of 404 () @ https://related-opossum-66.clerk.accounts.dev/v1/client/sessions/sess_3GS2rZojFrwM6psiwgFxO43xHm8/tokens?__clerk_api_version=2026-05-12&_clerk_js_version=6.25.2&__clerk_db_jwt=dvb_3GCdTTAaYFLwypdowfGPoHlDHyJ:0
[  286695ms] [ERROR] Failed to load resource: the server responded with a status of 404 () @ https://related-opossum-66.clerk.accounts.dev/v1/client/sessions/sess_3GS2rZojFrwM6psiwgFxO43xHm8/tokens?__clerk_api_version=2026-05-12&_clerk_js_version=6.25.2&__clerk_db_jwt=dvb_3GCdTTAaYFLwypdowfGPoHlDHyJ:0
[  293093ms] [ERROR] Failed to load resource: the server responded with a status of 404 () @ https://related-opossum-66.clerk.accounts.dev/v1/client/sessions/sess_3GS2rZojFrwM6psiwgFxO43xHm8/tokens?__clerk_api_version=2026-05-12&_clerk_js_version=6.25.2&__clerk_db_jwt=dvb_3GCdTTAaYFLwypdowfGPoHlDHyJ:0
[  299464ms] [ERROR] Failed to load resource: the server responded with a status of 404 () @ https://related-opossum-66.clerk.accounts.dev/v1/client/sessions/sess_3GS2rZojFrwM6psiwgFxO43xHm8/tokens?__clerk_api_version=2026-05-12&_clerk_js_version=6.25.2&__clerk_db_jwt=dvb_3GCdTTAaYFLwypdowfGPoHlDHyJ:0
[  306105ms] [ERROR] Failed to load resource: the server responded with a status of 404 () @ https://related-opossum-66.clerk.accounts.dev/v1/client/sessions/sess_3GS2rZojFrwM6psiwgFxO43xHm8/tokens?__clerk_api_version=2026-05-12&_clerk_js_version=6.25.2&__clerk_db_jwt=dvb_3GCdTTAaYFLwypdowfGPoHlDHyJ:0
[  312569ms] [ERROR] Failed to load resource: the server responded with a status of 404 () @ https://related-opossum-66.clerk.accounts.dev/v1/client/sessions/sess_3GS2rZojFrwM6psiwgFxO43xHm8/tokens?__clerk_api_version=2026-05-12&_clerk_js_version=6.25.2&__clerk_db_jwt=dvb_3GCdTTAaYFLwypdowfGPoHlDHyJ:0
[  318035ms] [ERROR] Failed to load resource: the server responded with a status of 404 () @ https://related-opossum-66.clerk.accounts.dev/v1/client/sessions/sess_3GS2rZojFrwM6psiwgFxO43xHm8/tokens?__clerk_api_version=2026-05-12&_clerk_js_version=6.25.2&__clerk_db_jwt=dvb_3GCdTTAaYFLwypdowfGPoHlDHyJ:0
[  324302ms] [ERROR] Failed to load resource: the server responded with a status of 404 () @ https://related-opossum-66.clerk.accounts.dev/v1/client/sessions/sess_3GS2rZojFrwM6psiwgFxO43xHm8/tokens?__clerk_api_version=2026-05-12&_clerk_js_version=6.25.2&__clerk_db_jwt=dvb_3GCdTTAaYFLwypdowfGPoHlDHyJ:0
[  330812ms] [ERROR] Failed to load resource: the server responded with a status of 404 () @ https://related-opossum-66.clerk.accounts.dev/v1/client/sessions/sess_3GS2rZojFrwM6psiwgFxO43xHm8/tokens?__clerk_api_version=2026-05-12&_clerk_js_version=6.25.2&__clerk_db_jwt=dvb_3GCdTTAaYFLwypdowfGPoHlDHyJ:0
[  336674ms] [ERROR] Failed to load resource: the server responded with a status of 404 () @ https://related-opossum-66.clerk.accounts.dev/v1/client/sessions/sess_3GS2rZojFrwM6psiwgFxO43xHm8/tokens?__clerk_api_version=2026-05-12&_clerk_js_version=6.25.2&__clerk_db_jwt=dvb_3GCdTTAaYFLwypdowfGPoHlDHyJ:0
[  343099ms] [ERROR] Failed to load resource: the server responded with a status of 404 () @ https://related-opossum-66.clerk.accounts.dev/v1/client/sessions/sess_3GS2rZojFrwM6psiwgFxO43xHm8/tokens?__clerk_api_version=2026-05-12&_clerk_js_version=6.25.2&__clerk_db_jwt=dvb_3GCdTTAaYFLwypdowfGPoHlDHyJ:0
[  349249ms] [ERROR] Failed to load resource: the server responded with a status of 404 () @ https://related-opossum-66.clerk.accounts.dev/v1/client/sessions/sess_3GS2rZojFrwM6psiwgFxO43xHm8/tokens?__clerk_api_version=2026-05-12&_clerk_js_version=6.25.2&__clerk_db_jwt=dvb_3GCdTTAaYFLwypdowfGPoHlDHyJ:0
[  354971ms] [ERROR] Failed to load resource: the server responded with a status of 404 () @ https://related-opossum-66.clerk.accounts.dev/v1/client/sessions/sess_3GS2rZojFrwM6psiwgFxO43xHm8/tokens?__clerk_api_version=2026-05-12&_clerk_js_version=6.25.2&__clerk_db_jwt=dvb_3GCdTTAaYFLwypdowfGPoHlDHyJ:0
[  361273ms] [ERROR] Failed to load resource: the server responded with a status of 404 () @ https://related-opossum-66.clerk.accounts.dev/v1/client/sessions/sess_3GS2rZojFrwM6psiwgFxO43xHm8/tokens?__clerk_api_version=2026-05-12&_clerk_js_version=6.25.2&__clerk_db_jwt=dvb_3GCdTTAaYFLwypdowfGPoHlDHyJ:0
[  367550ms] [ERROR] Failed to load resource: the server responded with a status of 404 () @ https://related-opossum-66.clerk.accounts.dev/v1/client/sessions/sess_3GS2rZojFrwM6psiwgFxO43xHm8/tokens?__clerk_api_version=2026-05-12&_clerk_js_version=6.25.2&__clerk_db_jwt=dvb_3GCdTTAaYFLwypdowfGPoHlDHyJ:0
[  373742ms] [ERROR] Failed to load resource: the server responded with a status of 404 () @ https://related-opossum-66.clerk.accounts.dev/v1/client/sessions/sess_3GS2rZojFrwM6psiwgFxO43xHm8/tokens?__clerk_api_version=2026-05-12&_clerk_js_version=6.25.2&__clerk_db_jwt=dvb_3GCdTTAaYFLwypdowfGPoHlDHyJ:0
[  379178ms] [ERROR] Failed to load resource: the server responded with a status of 404 () @ https://related-opossum-66.clerk.accounts.dev/v1/client/sessions/sess_3GS2rZojFrwM6psiwgFxO43xHm8/tokens?__clerk_api_version=2026-05-12&_clerk_js_version=6.25.2&__clerk_db_jwt=dvb_3GCdTTAaYFLwypdowfGPoHlDHyJ:0
[  386541ms] [ERROR] Failed to load resource: the server responded with a status of 404 () @ https://related-opossum-66.clerk.accounts.dev/v1/client/sessions/sess_3GS2rZojFrwM6psiwgFxO43xHm8/tokens?__clerk_api_version=2026-05-12&_clerk_js_version=6.25.2&__clerk_db_jwt=dvb_3GCdTTAaYFLwypdowfGPoHlDHyJ:0
[  392501ms] [ERROR] Failed to load resource: the server responded with a status of 404 () @ https://related-opossum-66.clerk.accounts.dev/v1/client/sessions/sess_3GS2rZojFrwM6psiwgFxO43xHm8/tokens?__clerk_api_version=2026-05-12&_clerk_js_version=6.25.2&__clerk_db_jwt=dvb_3GCdTTAaYFLwypdowfGPoHlDHyJ:0
[  399131ms] [ERROR] Failed to load resource: the server responded with a status of 404 () @ https://related-opossum-66.clerk.accounts.dev/v1/client/sessions/sess_3GS2rZojFrwM6psiwgFxO43xHm8/tokens?__clerk_api_version=2026-05-12&_clerk_js_version=6.25.2&__clerk_db_jwt=dvb_3GCdTTAaYFLwypdowfGPoHlDHyJ:0
[  406023ms] [ERROR] Failed to load resource: the server responded with a status of 404 () @ https://related-opossum-66.clerk.accounts.dev/v1/client/sessions/sess_3GS2rZojFrwM6psiwgFxO43xHm8/tokens?__clerk_api_version=2026-05-12&_clerk_js_version=6.25.2&__clerk_db_jwt=dvb_3GCdTTAaYFLwypdowfGPoHlDHyJ:0
[  412483ms] [ERROR] Failed to load resource: the server responded with a status of 404 () @ https://related-opossum-66.clerk.accounts.dev/v1/client/sessions/sess_3GS2rZojFrwM6psiwgFxO43xHm8/tokens?__clerk_api_version=2026-05-12&_clerk_js_version=6.25.2&__clerk_db_jwt=dvb_3GCdTTAaYFLwypdowfGPoHlDHyJ:0
[  419171ms] [ERROR] Failed to load resource: the server responded with a status of 404 () @ https://related-opossum-66.clerk.accounts.dev/v1/client/sessions/sess_3GS2rZojFrwM6psiwgFxO43xHm8/tokens?__clerk_api_version=2026-05-12&_clerk_js_version=6.25.2&__clerk_db_jwt=dvb_3GCdTTAaYFLwypdowfGPoHlDHyJ:0
[  425042ms] [ERROR] Failed to load resource: the server responded with a status of 404 () @ https://related-opossum-66.clerk.accounts.dev/v1/client/sessions/sess_3GS2rZojFrwM6psiwgFxO43xHm8/tokens?__clerk_api_version=2026-05-12&_clerk_js_version=6.25.2&__clerk_db_jwt=dvb_3GCdTTAaYFLwypdowfGPoHlDHyJ:0
[  430588ms] [ERROR] Failed to load resource: the server responded with a status of 404 () @ https://related-opossum-66.clerk.accounts.dev/v1/client/sessions/sess_3GS2rZojFrwM6psiwgFxO43xHm8/tokens?__clerk_api_version=2026-05-12&_clerk_js_version=6.25.2&__clerk_db_jwt=dvb_3GCdTTAaYFLwypdowfGPoHlDHyJ:0
[  436970ms] [ERROR] Failed to load resource: the server responded with a status of 404 () @ https://related-opossum-66.clerk.accounts.dev/v1/client/sessions/sess_3GS2rZojFrwM6psiwgFxO43xHm8/tokens?__clerk_api_version=2026-05-12&_clerk_js_version=6.25.2&__clerk_db_jwt=dvb_3GCdTTAaYFLwypdowfGPoHlDHyJ:0
[  443630ms] [ERROR] Failed to load resource: the server responded with a status of 404 () @ https://related-opossum-66.clerk.accounts.dev/v1/client/sessions/sess_3GS2rZojFrwM6psiwgFxO43xHm8/tokens?__clerk_api_version=2026-05-12&_clerk_js_version=6.25.2&__clerk_db_jwt=dvb_3GCdTTAaYFLwypdowfGPoHlDHyJ:0
[  449818ms] [ERROR] Failed to load resource: the server responded with a status of 404 () @ https://related-opossum-66.clerk.accounts.dev/v1/client/sessions/sess_3GS2rZojFrwM6psiwgFxO43xHm8/tokens?__clerk_api_version=2026-05-12&_clerk_js_version=6.25.2&__clerk_db_jwt=dvb_3GCdTTAaYFLwypdowfGPoHlDHyJ:0
[  455864ms] [ERROR] Failed to load resource: the server responded with a status of 404 () @ https://related-opossum-66.clerk.accounts.dev/v1/client/sessions/sess_3GS2rZojFrwM6psiwgFxO43xHm8/tokens?__clerk_api_version=2026-05-12&_clerk_js_version=6.25.2&__clerk_db_jwt=dvb_3GCdTTAaYFLwypdowfGPoHlDHyJ:0
[  461520ms] [ERROR] Failed to load resource: the server responded with a status of 404 () @ https://related-opossum-66.clerk.accounts.dev/v1/client/sessions/sess_3GS2rZojFrwM6psiwgFxO43xHm8/tokens?__clerk_api_version=2026-05-12&_clerk_js_version=6.25.2&__clerk_db_jwt=dvb_3GCdTTAaYFLwypdowfGPoHlDHyJ:0
[  467985ms] [ERROR] Failed to load resource: the server responded with a status of 404 () @ https://related-opossum-66.clerk.accounts.dev/v1/client/sessions/sess_3GS2rZojFrwM6psiwgFxO43xHm8/tokens?__clerk_api_version=2026-05-12&_clerk_js_version=6.25.2&__clerk_db_jwt=dvb_3GCdTTAaYFLwypdowfGPoHlDHyJ:0
[  473907ms] [ERROR] Failed to load resource: the server responded with a status of 404 () @ https://related-opossum-66.clerk.accounts.dev/v1/client/sessions/sess_3GS2rZojFrwM6psiwgFxO43xHm8/tokens?__clerk_api_version=2026-05-12&_clerk_js_version=6.25.2&__clerk_db_jwt=dvb_3GCdTTAaYFLwypdowfGPoHlDHyJ:0
[  479812ms] [ERROR] Failed to load resource: the server responded with a status of 404 () @ https://related-opossum-66.clerk.accounts.dev/v1/client/sessions/sess_3GS2rZojFrwM6psiwgFxO43xHm8/tokens?__clerk_api_version=2026-05-12&_clerk_js_version=6.25.2&__clerk_db_jwt=dvb_3GCdTTAaYFLwypdowfGPoHlDHyJ:0
[  485435ms] [ERROR] Failed to load resource: the server responded with a status of 404 () @ https://related-opossum-66.clerk.accounts.dev/v1/client/sessions/sess_3GS2rZojFrwM6psiwgFxO43xHm8/tokens?__clerk_api_version=2026-05-12&_clerk_js_version=6.25.2&__clerk_db_jwt=dvb_3GCdTTAaYFLwypdowfGPoHlDHyJ:0
[  491524ms] [ERROR] Failed to load resource: the server responded with a status of 404 () @ https://related-opossum-66.clerk.accounts.dev/v1/client/sessions/sess_3GS2rZojFrwM6psiwgFxO43xHm8/tokens?__clerk_api_version=2026-05-12&_clerk_js_version=6.25.2&__clerk_db_jwt=dvb_3GCdTTAaYFLwypdowfGPoHlDHyJ:0
[  496961ms] [ERROR] Failed to load resource: the server responded with a status of 404 () @ https://related-opossum-66.clerk.accounts.dev/v1/client/sessions/sess_3GS2rZojFrwM6psiwgFxO43xHm8/tokens?__clerk_api_version=2026-05-12&_clerk_js_version=6.25.2&__clerk_db_jwt=dvb_3GCdTTAaYFLwypdowfGPoHlDHyJ:0
[  504648ms] [ERROR] Failed to load resource: the server responded with a status of 404 () @ https://related-opossum-66.clerk.accounts.dev/v1/client/sessions/sess_3GS2rZojFrwM6psiwgFxO43xHm8/tokens?__clerk_api_version=2026-05-12&_clerk_js_version=6.25.2&__clerk_db_jwt=dvb_3GCdTTAaYFLwypdowfGPoHlDHyJ:0
[  510848ms] [ERROR] Failed to load resource: the server responded with a status of 404 () @ https://related-opossum-66.clerk.accounts.dev/v1/client/sessions/sess_3GS2rZojFrwM6psiwgFxO43xHm8/tokens?__clerk_api_version=2026-05-12&_clerk_js_version=6.25.2&__clerk_db_jwt=dvb_3GCdTTAaYFLwypdowfGPoHlDHyJ:0
[  519200ms] [ERROR] Failed to load resource: the server responded with a status of 404 () @ https://related-opossum-66.clerk.accounts.dev/v1/client/sessions/sess_3GS2rZojFrwM6psiwgFxO43xHm8/tokens?__clerk_api_version=2026-05-12&_clerk_js_version=6.25.2&__clerk_db_jwt=dvb_3GCdTTAaYFLwypdowfGPoHlDHyJ:0
[  524825ms] [ERROR] Failed to load resource: the server responded with a status of 404 () @ https://related-opossum-66.clerk.accounts.dev/v1/client/sessions/sess_3GS2rZojFrwM6psiwgFxO43xHm8/tokens?__clerk_api_version=2026-05-12&_clerk_js_version=6.25.2&__clerk_db_jwt=dvb_3GCdTTAaYFLwypdowfGPoHlDHyJ:0
[  531437ms] [ERROR] Failed to load resource: the server responded with a status of 404 () @ https://related-opossum-66.clerk.accounts.dev/v1/client/sessions/sess_3GS2rZojFrwM6psiwgFxO43xHm8/tokens?__clerk_api_version=2026-05-12&_clerk_js_version=6.25.2&__clerk_db_jwt=dvb_3GCdTTAaYFLwypdowfGPoHlDHyJ:0
[  537340ms] [ERROR] Failed to load resource: the server responded with a status of 404 () @ https://related-opossum-66.clerk.accounts.dev/v1/client/sessions/sess_3GS2rZojFrwM6psiwgFxO43xHm8/tokens?__clerk_api_version=2026-05-12&_clerk_js_version=6.25.2&__clerk_db_jwt=dvb_3GCdTTAaYFLwypdowfGPoHlDHyJ:0
[  542888ms] [ERROR] Failed to load resource: the server responded with a status of 404 () @ https://related-opossum-66.clerk.accounts.dev/v1/client/sessions/sess_3GS2rZojFrwM6psiwgFxO43xHm8/tokens?__clerk_api_version=2026-05-12&_clerk_js_version=6.25.2&__clerk_db_jwt=dvb_3GCdTTAaYFLwypdowfGPoHlDHyJ:0
[  549641ms] [ERROR] Failed to load resource: the server responded with a status of 404 () @ https://related-opossum-66.clerk.accounts.dev/v1/client/sessions/sess_3GS2rZojFrwM6psiwgFxO43xHm8/tokens?__clerk_api_version=2026-05-12&_clerk_js_version=6.25.2&__clerk_db_jwt=dvb_3GCdTTAaYFLwypdowfGPoHlDHyJ:0
[  555446ms] [ERROR] Failed to load resource: the server responded with a status of 404 () @ https://related-opossum-66.clerk.accounts.dev/v1/client/sessions/sess_3GS2rZojFrwM6psiwgFxO43xHm8/tokens?__clerk_api_version=2026-05-12&_clerk_js_version=6.25.2&__clerk_db_jwt=dvb_3GCdTTAaYFLwypdowfGPoHlDHyJ:0
[  561994ms] [ERROR] Failed to load resource: the server responded with a status of 404 () @ https://related-opossum-66.clerk.accounts.dev/v1/client/sessions/sess_3GS2rZojFrwM6psiwgFxO43xHm8/tokens?__clerk_api_version=2026-05-12&_clerk_js_version=6.25.2&__clerk_db_jwt=dvb_3GCdTTAaYFLwypdowfGPoHlDHyJ:0
[  568792ms] [ERROR] Failed to load resource: the server responded with a status of 404 () @ https://related-opossum-66.clerk.accounts.dev/v1/client/sessions/sess_3GS2rZojFrwM6psiwgFxO43xHm8/tokens?__clerk_api_version=2026-05-12&_clerk_js_version=6.25.2&__clerk_db_jwt=dvb_3GCdTTAaYFLwypdowfGPoHlDHyJ:0
[  575546ms] [ERROR] Failed to load resource: the server responded with a status of 404 () @ https://related-opossum-66.clerk.accounts.dev/v1/client/sessions/sess_3GS2rZojFrwM6psiwgFxO43xHm8/tokens?__clerk_api_version=2026-05-12&_clerk_js_version=6.25.2&__clerk_db_jwt=dvb_3GCdTTAaYFLwypdowfGPoHlDHyJ:0
[  581950ms] [ERROR] Failed to load resource: the server responded with a status of 404 () @ https://related-opossum-66.clerk.accounts.dev/v1/client/sessions/sess_3GS2rZojFrwM6psiwgFxO43xHm8/tokens?__clerk_api_version=2026-05-12&_clerk_js_version=6.25.2&__clerk_db_jwt=dvb_3GCdTTAaYFLwypdowfGPoHlDHyJ:0
[  587399ms] [ERROR] Failed to load resource: the server responded with a status of 404 () @ https://related-opossum-66.clerk.accounts.dev/v1/client/sessions/sess_3GS2rZojFrwM6psiwgFxO43xHm8/tokens?__clerk_api_version=2026-05-12&_clerk_js_version=6.25.2&__clerk_db_jwt=dvb_3GCdTTAaYFLwypdowfGPoHlDHyJ:0
[  593120ms] [ERROR] Failed to load resource: the server responded with a status of 404 () @ https://related-opossum-66.clerk.accounts.dev/v1/client/sessions/sess_3GS2rZojFrwM6psiwgFxO43xHm8/tokens?__clerk_api_version=2026-05-12&_clerk_js_version=6.25.2&__clerk_db_jwt=dvb_3GCdTTAaYFLwypdowfGPoHlDHyJ:0
[  599151ms] [ERROR] Failed to load resource: the server responded with a status of 404 () @ https://related-opossum-66.clerk.accounts.dev/v1/client/sessions/sess_3GS2rZojFrwM6psiwgFxO43xHm8/tokens?__clerk_api_version=2026-05-12&_clerk_js_version=6.25.2&__clerk_db_jwt=dvb_3GCdTTAaYFLwypdowfGPoHlDHyJ:0
[  605334ms] [ERROR] Failed to load resource: the server responded with a status of 404 () @ https://related-opossum-66.clerk.accounts.dev/v1/client/sessions/sess_3GS2rZojFrwM6psiwgFxO43xHm8/tokens?__clerk_api_version=2026-05-12&_clerk_js_version=6.25.2&__clerk_db_jwt=dvb_3GCdTTAaYFLwypdowfGPoHlDHyJ:0
[  612609ms] [ERROR] Failed to load resource: the server responded with a status of 404 () @ https://related-opossum-66.clerk.accounts.dev/v1/client/sessions/sess_3GS2rZojFrwM6psiwgFxO43xHm8/tokens?__clerk_api_version=2026-05-12&_clerk_js_version=6.25.2&__clerk_db_jwt=dvb_3GCdTTAaYFLwypdowfGPoHlDHyJ:0
[  618768ms] [ERROR] Failed to load resource: the server responded with a status of 404 () @ https://related-opossum-66.clerk.accounts.dev/v1/client/sessions/sess_3GS2rZojFrwM6psiwgFxO43xHm8/tokens?__clerk_api_version=2026-05-12&_clerk_js_version=6.25.2&__clerk_db_jwt=dvb_3GCdTTAaYFLwypdowfGPoHlDHyJ:0
[  624493ms] [ERROR] Failed to load resource: the server responded with a status of 404 () @ https://related-opossum-66.clerk.accounts.dev/v1/client/sessions/sess_3GS2rZojFrwM6psiwgFxO43xHm8/tokens?__clerk_api_version=2026-05-12&_clerk_js_version=6.25.2&__clerk_db_jwt=dvb_3GCdTTAaYFLwypdowfGPoHlDHyJ:0
[  630123ms] [ERROR] Failed to load resource: the server responded with a status of 404 () @ https://related-opossum-66.clerk.accounts.dev/v1/client/sessions/sess_3GS2rZojFrwM6psiwgFxO43xHm8/tokens?__clerk_api_version=2026-05-12&_clerk_js_version=6.25.2&__clerk_db_jwt=dvb_3GCdTTAaYFLwypdowfGPoHlDHyJ:0
[  636355ms] [ERROR] Failed to load resource: the server responded with a status of 404 () @ https://related-opossum-66.clerk.accounts.dev/v1/client/sessions/sess_3GS2rZojFrwM6psiwgFxO43xHm8/tokens?__clerk_api_version=2026-05-12&_clerk_js_version=6.25.2&__clerk_db_jwt=dvb_3GCdTTAaYFLwypdowfGPoHlDHyJ:0
[  641788ms] [ERROR] Failed to load resource: the server responded with a status of 404 () @ https://related-opossum-66.clerk.accounts.dev/v1/client/sessions/sess_3GS2rZojFrwM6psiwgFxO43xHm8/tokens?__clerk_api_version=2026-05-12&_clerk_js_version=6.25.2&__clerk_db_jwt=dvb_3GCdTTAaYFLwypdowfGPoHlDHyJ:0
[  647742ms] [ERROR] Failed to load resource: the server responded with a status of 404 () @ https://related-opossum-66.clerk.accounts.dev/v1/client/sessions/sess_3GS2rZojFrwM6psiwgFxO43xHm8/tokens?__clerk_api_version=2026-05-12&_clerk_js_version=6.25.2&__clerk_db_jwt=dvb_3GCdTTAaYFLwypdowfGPoHlDHyJ:0
[  654079ms] [ERROR] Failed to load resource: the server responded with a status of 404 () @ https://related-opossum-66.clerk.accounts.dev/v1/client/sessions/sess_3GS2rZojFrwM6psiwgFxO43xHm8/tokens?__clerk_api_version=2026-05-12&_clerk_js_version=6.25.2&__clerk_db_jwt=dvb_3GCdTTAaYFLwypdowfGPoHlDHyJ:0
[  655860ms] [LOG] [Fast Refresh] rebuilding @ http://localhost:3000/_next/static/chunks/node_modules_next_dist_1ybzpk2._.js:2477
[  655890ms] [LOG] [Fast Refresh] done in 132ms @ http://localhost:3000/_next/static/chunks/node_modules_next_dist_1ybzpk2._.js:2477
[  659844ms] [ERROR] Failed to load resource: the server responded with a status of 404 () @ https://related-opossum-66.clerk.accounts.dev/v1/client/sessions/sess_3GS2rZojFrwM6psiwgFxO43xHm8/tokens?__clerk_api_version=2026-05-12&_clerk_js_version=6.25.2&__clerk_db_jwt=dvb_3GCdTTAaYFLwypdowfGPoHlDHyJ:0
[  665528ms] [ERROR] Failed to load resource: the server responded with a status of 404 () @ https://related-opossum-66.clerk.accounts.dev/v1/client/sessions/sess_3GS2rZojFrwM6psiwgFxO43xHm8/tokens?__clerk_api_version=2026-05-12&_clerk_js_version=6.25.2&__clerk_db_jwt=dvb_3GCdTTAaYFLwypdowfGPoHlDHyJ:0
[  671461ms] [ERROR] Failed to load resource: the server responded with a status of 404 () @ https://related-opossum-66.clerk.accounts.dev/v1/client/sessions/sess_3GS2rZojFrwM6psiwgFxO43xHm8/tokens?__clerk_api_version=2026-05-12&_clerk_js_version=6.25.2&__clerk_db_jwt=dvb_3GCdTTAaYFLwypdowfGPoHlDHyJ:0
[  678216ms] [ERROR] Failed to load resource: the server responded with a status of 404 () @ https://related-opossum-66.clerk.accounts.dev/v1/client/sessions/sess_3GS2rZojFrwM6psiwgFxO43xHm8/tokens?__clerk_api_version=2026-05-12&_clerk_js_version=6.25.2&__clerk_db_jwt=dvb_3GCdTTAaYFLwypdowfGPoHlDHyJ:0
[  684777ms] [ERROR] Failed to load resource: the server responded with a status of 404 () @ https://related-opossum-66.clerk.accounts.dev/v1/client/sessions/sess_3GS2rZojFrwM6psiwgFxO43xHm8/tokens?__clerk_api_version=2026-05-12&_clerk_js_version=6.25.2&__clerk_db_jwt=dvb_3GCdTTAaYFLwypdowfGPoHlDHyJ:0
[  691302ms] [ERROR] Failed to load resource: the server responded with a status of 404 () @ https://related-opossum-66.clerk.accounts.dev/v1/client/sessions/sess_3GS2rZojFrwM6psiwgFxO43xHm8/tokens?__clerk_api_version=2026-05-12&_clerk_js_version=6.25.2&__clerk_db_jwt=dvb_3GCdTTAaYFLwypdowfGPoHlDHyJ:0
[  696827ms] [ERROR] Failed to load resource: the server responded with a status of 404 () @ https://related-opossum-66.clerk.accounts.dev/v1/client/sessions/sess_3GS2rZojFrwM6psiwgFxO43xHm8/tokens?__clerk_api_version=2026-05-12&_clerk_js_version=6.25.2&__clerk_db_jwt=dvb_3GCdTTAaYFLwypdowfGPoHlDHyJ:0
[  702696ms] [ERROR] Failed to load resource: the server responded with a status of 404 () @ https://related-opossum-66.clerk.accounts.dev/v1/client/sessions/sess_3GS2rZojFrwM6psiwgFxO43xHm8/tokens?__clerk_api_version=2026-05-12&_clerk_js_version=6.25.2&__clerk_db_jwt=dvb_3GCdTTAaYFLwypdowfGPoHlDHyJ:0
[  708080ms] [ERROR] Failed to load resource: the server responded with a status of 404 () @ https://related-opossum-66.clerk.accounts.dev/v1/client/sessions/sess_3GS2rZojFrwM6psiwgFxO43xHm8/tokens?__clerk_api_version=2026-05-12&_clerk_js_version=6.25.2&__clerk_db_jwt=dvb_3GCdTTAaYFLwypdowfGPoHlDHyJ:0
[  713416ms] [ERROR] Failed to load resource: the server responded with a status of 404 () @ https://related-opossum-66.clerk.accounts.dev/v1/client/sessions/sess_3GS2rZojFrwM6psiwgFxO43xHm8/tokens?__clerk_api_version=2026-05-12&_clerk_js_version=6.25.2&__clerk_db_jwt=dvb_3GCdTTAaYFLwypdowfGPoHlDHyJ:0
[  718944ms] [ERROR] Failed to load resource: the server responded with a status of 404 () @ https://related-opossum-66.clerk.accounts.dev/v1/client/sessions/sess_3GS2rZojFrwM6psiwgFxO43xHm8/tokens?__clerk_api_version=2026-05-12&_clerk_js_version=6.25.2&__clerk_db_jwt=dvb_3GCdTTAaYFLwypdowfGPoHlDHyJ:0
[  725779ms] [ERROR] Failed to load resource: the server responded with a status of 404 () @ https://related-opossum-66.clerk.accounts.dev/v1/client/sessions/sess_3GS2rZojFrwM6psiwgFxO43xHm8/tokens?__clerk_api_version=2026-05-12&_clerk_js_version=6.25.2&__clerk_db_jwt=dvb_3GCdTTAaYFLwypdowfGPoHlDHyJ:0
[  732039ms] [ERROR] Failed to load resource: the server responded with a status of 404 () @ https://related-opossum-66.clerk.accounts.dev/v1/client/sessions/sess_3GS2rZojFrwM6psiwgFxO43xHm8/tokens?__clerk_api_version=2026-05-12&_clerk_js_version=6.25.2&__clerk_db_jwt=dvb_3GCdTTAaYFLwypdowfGPoHlDHyJ:0
[  737516ms] [ERROR] Failed to load resource: the server responded with a status of 404 () @ https://related-opossum-66.clerk.accounts.dev/v1/client/sessions/sess_3GS2rZojFrwM6psiwgFxO43xHm8/tokens?__clerk_api_version=2026-05-12&_clerk_js_version=6.25.2&__clerk_db_jwt=dvb_3GCdTTAaYFLwypdowfGPoHlDHyJ:0
[  742808ms] [ERROR] Failed to load resource: the server responded with a status of 404 () @ https://related-opossum-66.clerk.accounts.dev/v1/client/sessions/sess_3GS2rZojFrwM6psiwgFxO43xHm8/tokens?__clerk_api_version=2026-05-12&_clerk_js_version=6.25.2&__clerk_db_jwt=dvb_3GCdTTAaYFLwypdowfGPoHlDHyJ:0
[  749042ms] [ERROR] Failed to load resource: the server responded with a status of 404 () @ https://related-opossum-66.clerk.accounts.dev/v1/client/sessions/sess_3GS2rZojFrwM6psiwgFxO43xHm8/tokens?__clerk_api_version=2026-05-12&_clerk_js_version=6.25.2&__clerk_db_jwt=dvb_3GCdTTAaYFLwypdowfGPoHlDHyJ:0
[  755032ms] [ERROR] Failed to load resource: the server responded with a status of 404 () @ https://related-opossum-66.clerk.accounts.dev/v1/client/sessions/sess_3GS2rZojFrwM6psiwgFxO43xHm8/tokens?__clerk_api_version=2026-05-12&_clerk_js_version=6.25.2&__clerk_db_jwt=dvb_3GCdTTAaYFLwypdowfGPoHlDHyJ:0
[  761383ms] [ERROR] Failed to load resource: the server responded with a status of 404 () @ https://related-opossum-66.clerk.accounts.dev/v1/client/sessions/sess_3GS2rZojFrwM6psiwgFxO43xHm8/tokens?__clerk_api_version=2026-05-12&_clerk_js_version=6.25.2&__clerk_db_jwt=dvb_3GCdTTAaYFLwypdowfGPoHlDHyJ:0
[  766878ms] [ERROR] Failed to load resource: the server responded with a status of 404 () @ https://related-opossum-66.clerk.accounts.dev/v1/client/sessions/sess_3GS2rZojFrwM6psiwgFxO43xHm8/tokens?__clerk_api_version=2026-05-12&_clerk_js_version=6.25.2&__clerk_db_jwt=dvb_3GCdTTAaYFLwypdowfGPoHlDHyJ:0
[  773647ms] [ERROR] Failed to load resource: the server responded with a status of 404 () @ https://related-opossum-66.clerk.accounts.dev/v1/client/sessions/sess_3GS2rZojFrwM6psiwgFxO43xHm8/tokens?__clerk_api_version=2026-05-12&_clerk_js_version=6.25.2&__clerk_db_jwt=dvb_3GCdTTAaYFLwypdowfGPoHlDHyJ:0
[  779339ms] [ERROR] Failed to load resource: the server responded with a status of 404 () @ https://related-opossum-66.clerk.accounts.dev/v1/client/sessions/sess_3GS2rZojFrwM6psiwgFxO43xHm8/tokens?__clerk_api_version=2026-05-12&_clerk_js_version=6.25.2&__clerk_db_jwt=dvb_3GCdTTAaYFLwypdowfGPoHlDHyJ:0
[  784686ms] [ERROR] Failed to load resource: the server responded with a status of 404 () @ https://related-opossum-66.clerk.accounts.dev/v1/client/sessions/sess_3GS2rZojFrwM6psiwgFxO43xHm8/tokens?__clerk_api_version=2026-05-12&_clerk_js_version=6.25.2&__clerk_db_jwt=dvb_3GCdTTAaYFLwypdowfGPoHlDHyJ:0
[  790986ms] [ERROR] Failed to load resource: the server responded with a status of 404 () @ https://related-opossum-66.clerk.accounts.dev/v1/client/sessions/sess_3GS2rZojFrwM6psiwgFxO43xHm8/tokens?__clerk_api_version=2026-05-12&_clerk_js_version=6.25.2&__clerk_db_jwt=dvb_3GCdTTAaYFLwypdowfGPoHlDHyJ:0
[  796752ms] [ERROR] Failed to load resource: the server responded with a status of 404 () @ https://related-opossum-66.clerk.accounts.dev/v1/client/sessions/sess_3GS2rZojFrwM6psiwgFxO43xHm8/tokens?__clerk_api_version=2026-05-12&_clerk_js_version=6.25.2&__clerk_db_jwt=dvb_3GCdTTAaYFLwypdowfGPoHlDHyJ:0
[  802974ms] [ERROR] Failed to load resource: the server responded with a status of 404 () @ https://related-opossum-66.clerk.accounts.dev/v1/client/sessions/sess_3GS2rZojFrwM6psiwgFxO43xHm8/tokens?__clerk_api_version=2026-05-12&_clerk_js_version=6.25.2&__clerk_db_jwt=dvb_3GCdTTAaYFLwypdowfGPoHlDHyJ:0
[  808749ms] [ERROR] Failed to load resource: the server responded with a status of 404 () @ https://related-opossum-66.clerk.accounts.dev/v1/client/sessions/sess_3GS2rZojFrwM6psiwgFxO43xHm8/tokens?__clerk_api_version=2026-05-12&_clerk_js_version=6.25.2&__clerk_db_jwt=dvb_3GCdTTAaYFLwypdowfGPoHlDHyJ:0
[  814567ms] [ERROR] Failed to load resource: the server responded with a status of 404 () @ https://related-opossum-66.clerk.accounts.dev/v1/client/sessions/sess_3GS2rZojFrwM6psiwgFxO43xHm8/tokens?__clerk_api_version=2026-05-12&_clerk_js_version=6.25.2&__clerk_db_jwt=dvb_3GCdTTAaYFLwypdowfGPoHlDHyJ:0
[  820068ms] [ERROR] Failed to load resource: the server responded with a status of 404 () @ https://related-opossum-66.clerk.accounts.dev/v1/client/sessions/sess_3GS2rZojFrwM6psiwgFxO43xHm8/tokens?__clerk_api_version=2026-05-12&_clerk_js_version=6.25.2&__clerk_db_jwt=dvb_3GCdTTAaYFLwypdowfGPoHlDHyJ:0
[  826679ms] [ERROR] Failed to load resource: the server responded with a status of 404 () @ https://related-opossum-66.clerk.accounts.dev/v1/client/sessions/sess_3GS2rZojFrwM6psiwgFxO43xHm8/tokens?__clerk_api_version=2026-05-12&_clerk_js_version=6.25.2&__clerk_db_jwt=dvb_3GCdTTAaYFLwypdowfGPoHlDHyJ:0
[  832352ms] [ERROR] Failed to load resource: the server responded with a status of 404 () @ https://related-opossum-66.clerk.accounts.dev/v1/client/sessions/sess_3GS2rZojFrwM6psiwgFxO43xHm8/tokens?__clerk_api_version=2026-05-12&_clerk_js_version=6.25.2&__clerk_db_jwt=dvb_3GCdTTAaYFLwypdowfGPoHlDHyJ:0
[  838787ms] [ERROR] Failed to load resource: the server responded with a status of 404 () @ https://related-opossum-66.clerk.accounts.dev/v1/client/sessions/sess_3GS2rZojFrwM6psiwgFxO43xHm8/tokens?__clerk_api_version=2026-05-12&_clerk_js_version=6.25.2&__clerk_db_jwt=dvb_3GCdTTAaYFLwypdowfGPoHlDHyJ:0
[  844255ms] [ERROR] Failed to load resource: the server responded with a status of 404 () @ https://related-opossum-66.clerk.accounts.dev/v1/client/sessions/sess_3GS2rZojFrwM6psiwgFxO43xHm8/tokens?__clerk_api_version=2026-05-12&_clerk_js_version=6.25.2&__clerk_db_jwt=dvb_3GCdTTAaYFLwypdowfGPoHlDHyJ:0
[  850553ms] [ERROR] Failed to load resource: the server responded with a status of 404 () @ https://related-opossum-66.clerk.accounts.dev/v1/client/sessions/sess_3GS2rZojFrwM6psiwgFxO43xHm8/tokens?__clerk_api_version=2026-05-12&_clerk_js_version=6.25.2&__clerk_db_jwt=dvb_3GCdTTAaYFLwypdowfGPoHlDHyJ:0
[  856597ms] [ERROR] Failed to load resource: the server responded with a status of 404 () @ https://related-opossum-66.clerk.accounts.dev/v1/client/sessions/sess_3GS2rZojFrwM6psiwgFxO43xHm8/tokens?__clerk_api_version=2026-05-12&_clerk_js_version=6.25.2&__clerk_db_jwt=dvb_3GCdTTAaYFLwypdowfGPoHlDHyJ:0
[  861966ms] [ERROR] Failed to load resource: the server responded with a status of 404 () @ https://related-opossum-66.clerk.accounts.dev/v1/client/sessions/sess_3GS2rZojFrwM6psiwgFxO43xHm8/tokens?__clerk_api_version=2026-05-12&_clerk_js_version=6.25.2&__clerk_db_jwt=dvb_3GCdTTAaYFLwypdowfGPoHlDHyJ:0
[  867994ms] [ERROR] Failed to load resource: the server responded with a status of 404 () @ https://related-opossum-66.clerk.accounts.dev/v1/client/sessions/sess_3GS2rZojFrwM6psiwgFxO43xHm8/tokens?__clerk_api_version=2026-05-12&_clerk_js_version=6.25.2&__clerk_db_jwt=dvb_3GCdTTAaYFLwypdowfGPoHlDHyJ:0
[  874128ms] [ERROR] Failed to load resource: the server responded with a status of 404 () @ https://related-opossum-66.clerk.accounts.dev/v1/client/sessions/sess_3GS2rZojFrwM6psiwgFxO43xHm8/tokens?__clerk_api_version=2026-05-12&_clerk_js_version=6.25.2&__clerk_db_jwt=dvb_3GCdTTAaYFLwypdowfGPoHlDHyJ:0
[  879837ms] [ERROR] Failed to load resource: the server responded with a status of 404 () @ https://related-opossum-66.clerk.accounts.dev/v1/client/sessions/sess_3GS2rZojFrwM6psiwgFxO43xHm8/tokens?__clerk_api_version=2026-05-12&_clerk_js_version=6.25.2&__clerk_db_jwt=dvb_3GCdTTAaYFLwypdowfGPoHlDHyJ:0
[  885932ms] [ERROR] Failed to load resource: the server responded with a status of 404 () @ https://related-opossum-66.clerk.accounts.dev/v1/client/sessions/sess_3GS2rZojFrwM6psiwgFxO43xHm8/tokens?__clerk_api_version=2026-05-12&_clerk_js_version=6.25.2&__clerk_db_jwt=dvb_3GCdTTAaYFLwypdowfGPoHlDHyJ:0
[  892286ms] [ERROR] Failed to load resource: the server responded with a status of 404 () @ https://related-opossum-66.clerk.accounts.dev/v1/client/sessions/sess_3GS2rZojFrwM6psiwgFxO43xHm8/tokens?__clerk_api_version=2026-05-12&_clerk_js_version=6.25.2&__clerk_db_jwt=dvb_3GCdTTAaYFLwypdowfGPoHlDHyJ:0
[  899010ms] [ERROR] Failed to load resource: the server responded with a status of 404 () @ https://related-opossum-66.clerk.accounts.dev/v1/client/sessions/sess_3GS2rZojFrwM6psiwgFxO43xHm8/tokens?__clerk_api_version=2026-05-12&_clerk_js_version=6.25.2&__clerk_db_jwt=dvb_3GCdTTAaYFLwypdowfGPoHlDHyJ:0
[  905126ms] [ERROR] Failed to load resource: the server responded with a status of 404 () @ https://related-opossum-66.clerk.accounts.dev/v1/client/sessions/sess_3GS2rZojFrwM6psiwgFxO43xHm8/tokens?__clerk_api_version=2026-05-12&_clerk_js_version=6.25.2&__clerk_db_jwt=dvb_3GCdTTAaYFLwypdowfGPoHlDHyJ:0
[  910996ms] [ERROR] Failed to load resource: the server responded with a status of 404 () @ https://related-opossum-66.clerk.accounts.dev/v1/client/sessions/sess_3GS2rZojFrwM6psiwgFxO43xHm8/tokens?__clerk_api_version=2026-05-12&_clerk_js_version=6.25.2&__clerk_db_jwt=dvb_3GCdTTAaYFLwypdowfGPoHlDHyJ:0
[  917088ms] [ERROR] Failed to load resource: the server responded with a status of 404 () @ https://related-opossum-66.clerk.accounts.dev/v1/client/sessions/sess_3GS2rZojFrwM6psiwgFxO43xHm8/tokens?__clerk_api_version=2026-05-12&_clerk_js_version=6.25.2&__clerk_db_jwt=dvb_3GCdTTAaYFLwypdowfGPoHlDHyJ:0
[  923282ms] [ERROR] Failed to load resource: the server responded with a status of 404 () @ https://related-opossum-66.clerk.accounts.dev/v1/client/sessions/sess_3GS2rZojFrwM6psiwgFxO43xHm8/tokens?__clerk_api_version=2026-05-12&_clerk_js_version=6.25.2&__clerk_db_jwt=dvb_3GCdTTAaYFLwypdowfGPoHlDHyJ:0
[  928726ms] [ERROR] Failed to load resource: the server responded with a status of 404 () @ https://related-opossum-66.clerk.accounts.dev/v1/client/sessions/sess_3GS2rZojFrwM6psiwgFxO43xHm8/tokens?__clerk_api_version=2026-05-12&_clerk_js_version=6.25.2&__clerk_db_jwt=dvb_3GCdTTAaYFLwypdowfGPoHlDHyJ:0
[  934750ms] [ERROR] Failed to load resource: the server responded with a status of 404 () @ https://related-opossum-66.clerk.accounts.dev/v1/client/sessions/sess_3GS2rZojFrwM6psiwgFxO43xHm8/tokens?__clerk_api_version=2026-05-12&_clerk_js_version=6.25.2&__clerk_db_jwt=dvb_3GCdTTAaYFLwypdowfGPoHlDHyJ:0
[  940722ms] [ERROR] Failed to load resource: the server responded with a status of 404 () @ https://related-opossum-66.clerk.accounts.dev/v1/client/sessions/sess_3GS2rZojFrwM6psiwgFxO43xHm8/tokens?__clerk_api_version=2026-05-12&_clerk_js_version=6.25.2&__clerk_db_jwt=dvb_3GCdTTAaYFLwypdowfGPoHlDHyJ:0
[  946746ms] [ERROR] Failed to load resource: the server responded with a status of 404 () @ https://related-opossum-66.clerk.accounts.dev/v1/client/sessions/sess_3GS2rZojFrwM6psiwgFxO43xHm8/tokens?__clerk_api_version=2026-05-12&_clerk_js_version=6.25.2&__clerk_db_jwt=dvb_3GCdTTAaYFLwypdowfGPoHlDHyJ:0
[  953595ms] [ERROR] Failed to load resource: the server responded with a status of 404 () @ https://related-opossum-66.clerk.accounts.dev/v1/client/sessions/sess_3GS2rZojFrwM6psiwgFxO43xHm8/tokens?__clerk_api_version=2026-05-12&_clerk_js_version=6.25.2&__clerk_db_jwt=dvb_3GCdTTAaYFLwypdowfGPoHlDHyJ:0
[  959619ms] [ERROR] Failed to load resource: the server responded with a status of 404 () @ https://related-opossum-66.clerk.accounts.dev/v1/client/sessions/sess_3GS2rZojFrwM6psiwgFxO43xHm8/tokens?__clerk_api_version=2026-05-12&_clerk_js_version=6.25.2&__clerk_db_jwt=dvb_3GCdTTAaYFLwypdowfGPoHlDHyJ:0
[  965742ms] [ERROR] Failed to load resource: the server responded with a status of 404 () @ https://related-opossum-66.clerk.accounts.dev/v1/client/sessions/sess_3GS2rZojFrwM6psiwgFxO43xHm8/tokens?__clerk_api_version=2026-05-12&_clerk_js_version=6.25.2&__clerk_db_jwt=dvb_3GCdTTAaYFLwypdowfGPoHlDHyJ:0
[  971560ms] [ERROR] Failed to load resource: the server responded with a status of 404 () @ https://related-opossum-66.clerk.accounts.dev/v1/client/sessions/sess_3GS2rZojFrwM6psiwgFxO43xHm8/tokens?__clerk_api_version=2026-05-12&_clerk_js_version=6.25.2&__clerk_db_jwt=dvb_3GCdTTAaYFLwypdowfGPoHlDHyJ:0
[  977973ms] [ERROR] Failed to load resource: the server responded with a status of 404 () @ https://related-opossum-66.clerk.accounts.dev/v1/client/sessions/sess_3GS2rZojFrwM6psiwgFxO43xHm8/tokens?__clerk_api_version=2026-05-12&_clerk_js_version=6.25.2&__clerk_db_jwt=dvb_3GCdTTAaYFLwypdowfGPoHlDHyJ:0
[  984026ms] [ERROR] Failed to load resource: the server responded with a status of 404 () @ https://related-opossum-66.clerk.accounts.dev/v1/client/sessions/sess_3GS2rZojFrwM6psiwgFxO43xHm8/tokens?__clerk_api_version=2026-05-12&_clerk_js_version=6.25.2&__clerk_db_jwt=dvb_3GCdTTAaYFLwypdowfGPoHlDHyJ:0
[  989370ms] [ERROR] Failed to load resource: the server responded with a status of 404 () @ https://related-opossum-66.clerk.accounts.dev/v1/client/sessions/sess_3GS2rZojFrwM6psiwgFxO43xHm8/tokens?__clerk_api_version=2026-05-12&_clerk_js_version=6.25.2&__clerk_db_jwt=dvb_3GCdTTAaYFLwypdowfGPoHlDHyJ:0
[  995488ms] [ERROR] Failed to load resource: the server responded with a status of 404 () @ https://related-opossum-66.clerk.accounts.dev/v1/client/sessions/sess_3GS2rZojFrwM6psiwgFxO43xHm8/tokens?__clerk_api_version=2026-05-12&_clerk_js_version=6.25.2&__clerk_db_jwt=dvb_3GCdTTAaYFLwypdowfGPoHlDHyJ:0
[ 1002157ms] [ERROR] Failed to load resource: the server responded with a status of 404 () @ https://related-opossum-66.clerk.accounts.dev/v1/client/sessions/sess_3GS2rZojFrwM6psiwgFxO43xHm8/tokens?__clerk_api_version=2026-05-12&_clerk_js_version=6.25.2&__clerk_db_jwt=dvb_3GCdTTAaYFLwypdowfGPoHlDHyJ:0
[ 1007886ms] [ERROR] Failed to load resource: the server responded with a status of 404 () @ https://related-opossum-66.clerk.accounts.dev/v1/client/sessions/sess_3GS2rZojFrwM6psiwgFxO43xHm8/tokens?__clerk_api_version=2026-05-12&_clerk_js_version=6.25.2&__clerk_db_jwt=dvb_3GCdTTAaYFLwypdowfGPoHlDHyJ:0
[ 1014413ms] [ERROR] Failed to load resource: the server responded with a status of 404 () @ https://related-opossum-66.clerk.accounts.dev/v1/client/sessions/sess_3GS2rZojFrwM6psiwgFxO43xHm8/tokens?__clerk_api_version=2026-05-12&_clerk_js_version=6.25.2&__clerk_db_jwt=dvb_3GCdTTAaYFLwypdowfGPoHlDHyJ:0
[ 1020079ms] [ERROR] Failed to load resource: the server responded with a status of 404 () @ https://related-opossum-66.clerk.accounts.dev/v1/client/sessions/sess_3GS2rZojFrwM6psiwgFxO43xHm8/tokens?__clerk_api_version=2026-05-12&_clerk_js_version=6.25.2&__clerk_db_jwt=dvb_3GCdTTAaYFLwypdowfGPoHlDHyJ:0
[ 1025420ms] [ERROR] Failed to load resource: the server responded with a status of 404 () @ https://related-opossum-66.clerk.accounts.dev/v1/client/sessions/sess_3GS2rZojFrwM6psiwgFxO43xHm8/tokens?__clerk_api_version=2026-05-12&_clerk_js_version=6.25.2&__clerk_db_jwt=dvb_3GCdTTAaYFLwypdowfGPoHlDHyJ:0
[ 1031560ms] [ERROR] Failed to load resource: the server responded with a status of 404 () @ https://related-opossum-66.clerk.accounts.dev/v1/client/sessions/sess_3GS2rZojFrwM6psiwgFxO43xHm8/tokens?__clerk_api_version=2026-05-12&_clerk_js_version=6.25.2&__clerk_db_jwt=dvb_3GCdTTAaYFLwypdowfGPoHlDHyJ:0
[ 1037259ms] [ERROR] Failed to load resource: the server responded with a status of 404 () @ https://related-opossum-66.clerk.accounts.dev/v1/client/sessions/sess_3GS2rZojFrwM6psiwgFxO43xHm8/tokens?__clerk_api_version=2026-05-12&_clerk_js_version=6.25.2&__clerk_db_jwt=dvb_3GCdTTAaYFLwypdowfGPoHlDHyJ:0
[ 1043998ms] [ERROR] Failed to load resource: the server responded with a status of 404 () @ https://related-opossum-66.clerk.accounts.dev/v1/client/sessions/sess_3GS2rZojFrwM6psiwgFxO43xHm8/tokens?__clerk_api_version=2026-05-12&_clerk_js_version=6.25.2&__clerk_db_jwt=dvb_3GCdTTAaYFLwypdowfGPoHlDHyJ:0
[ 1050673ms] [ERROR] Failed to load resource: the server responded with a status of 404 () @ https://related-opossum-66.clerk.accounts.dev/v1/client/sessions/sess_3GS2rZojFrwM6psiwgFxO43xHm8/tokens?__clerk_api_version=2026-05-12&_clerk_js_version=6.25.2&__clerk_db_jwt=dvb_3GCdTTAaYFLwypdowfGPoHlDHyJ:0
[ 1056926ms] [ERROR] Failed to load resource: the server responded with a status of 404 () @ https://related-opossum-66.clerk.accounts.dev/v1/client/sessions/sess_3GS2rZojFrwM6psiwgFxO43xHm8/tokens?__clerk_api_version=2026-05-12&_clerk_js_version=6.25.2&__clerk_db_jwt=dvb_3GCdTTAaYFLwypdowfGPoHlDHyJ:0
[ 1062267ms] [ERROR] Failed to load resource: the server responded with a status of 404 () @ https://related-opossum-66.clerk.accounts.dev/v1/client/sessions/sess_3GS2rZojFrwM6psiwgFxO43xHm8/tokens?__clerk_api_version=2026-05-12&_clerk_js_version=6.25.2&__clerk_db_jwt=dvb_3GCdTTAaYFLwypdowfGPoHlDHyJ:0
[ 1068058ms] [ERROR] Failed to load resource: the server responded with a status of 404 () @ https://related-opossum-66.clerk.accounts.dev/v1/client/sessions/sess_3GS2rZojFrwM6psiwgFxO43xHm8/tokens?__clerk_api_version=2026-05-12&_clerk_js_version=6.25.2&__clerk_db_jwt=dvb_3GCdTTAaYFLwypdowfGPoHlDHyJ:0
[ 1074050ms] [ERROR] Failed to load resource: the server responded with a status of 404 () @ https://related-opossum-66.clerk.accounts.dev/v1/client/sessions/sess_3GS2rZojFrwM6psiwgFxO43xHm8/tokens?__clerk_api_version=2026-05-12&_clerk_js_version=6.25.2&__clerk_db_jwt=dvb_3GCdTTAaYFLwypdowfGPoHlDHyJ:0
[ 1080652ms] [ERROR] Failed to load resource: the server responded with a status of 404 () @ https://related-opossum-66.clerk.accounts.dev/v1/client/sessions/sess_3GS2rZojFrwM6psiwgFxO43xHm8/tokens?__clerk_api_version=2026-05-12&_clerk_js_version=6.25.2&__clerk_db_jwt=dvb_3GCdTTAaYFLwypdowfGPoHlDHyJ:0
[ 1087153ms] [ERROR] Failed to load resource: the server responded with a status of 404 () @ https://related-opossum-66.clerk.accounts.dev/v1/client/sessions/sess_3GS2rZojFrwM6psiwgFxO43xHm8/tokens?__clerk_api_version=2026-05-12&_clerk_js_version=6.25.2&__clerk_db_jwt=dvb_3GCdTTAaYFLwypdowfGPoHlDHyJ:0
[ 1093139ms] [ERROR] Failed to load resource: the server responded with a status of 404 () @ https://related-opossum-66.clerk.accounts.dev/v1/client/sessions/sess_3GS2rZojFrwM6psiwgFxO43xHm8/tokens?__clerk_api_version=2026-05-12&_clerk_js_version=6.25.2&__clerk_db_jwt=dvb_3GCdTTAaYFLwypdowfGPoHlDHyJ:0
[ 1099757ms] [ERROR] Failed to load resource: the server responded with a status of 404 () @ https://related-opossum-66.clerk.accounts.dev/v1/client/sessions/sess_3GS2rZojFrwM6psiwgFxO43xHm8/tokens?__clerk_api_version=2026-05-12&_clerk_js_version=6.25.2&__clerk_db_jwt=dvb_3GCdTTAaYFLwypdowfGPoHlDHyJ:0
[ 1105555ms] [ERROR] Failed to load resource: the server responded with a status of 404 () @ https://related-opossum-66.clerk.accounts.dev/v1/client/sessions/sess_3GS2rZojFrwM6psiwgFxO43xHm8/tokens?__clerk_api_version=2026-05-12&_clerk_js_version=6.25.2&__clerk_db_jwt=dvb_3GCdTTAaYFLwypdowfGPoHlDHyJ:0
[ 1111682ms] [ERROR] Failed to load resource: the server responded with a status of 404 () @ https://related-opossum-66.clerk.accounts.dev/v1/client/sessions/sess_3GS2rZojFrwM6psiwgFxO43xHm8/tokens?__clerk_api_version=2026-05-12&_clerk_js_version=6.25.2&__clerk_db_jwt=dvb_3GCdTTAaYFLwypdowfGPoHlDHyJ:0
[ 1118108ms] [ERROR] Failed to load resource: the server responded with a status of 404 () @ https://related-opossum-66.clerk.accounts.dev/v1/client/sessions/sess_3GS2rZojFrwM6psiwgFxO43xHm8/tokens?__clerk_api_version=2026-05-12&_clerk_js_version=6.25.2&__clerk_db_jwt=dvb_3GCdTTAaYFLwypdowfGPoHlDHyJ:0
[ 1123500ms] [ERROR] Failed to load resource: the server responded with a status of 404 () @ https://related-opossum-66.clerk.accounts.dev/v1/client/sessions/sess_3GS2rZojFrwM6psiwgFxO43xHm8/tokens?__clerk_api_version=2026-05-12&_clerk_js_version=6.25.2&__clerk_db_jwt=dvb_3GCdTTAaYFLwypdowfGPoHlDHyJ:0
[ 1130248ms] [ERROR] Failed to load resource: the server responded with a status of 404 () @ https://related-opossum-66.clerk.accounts.dev/v1/client/sessions/sess_3GS2rZojFrwM6psiwgFxO43xHm8/tokens?__clerk_api_version=2026-05-12&_clerk_js_version=6.25.2&__clerk_db_jwt=dvb_3GCdTTAaYFLwypdowfGPoHlDHyJ:0
[ 1136231ms] [ERROR] Failed to load resource: the server responded with a status of 404 () @ https://related-opossum-66.clerk.accounts.dev/v1/client/sessions/sess_3GS2rZojFrwM6psiwgFxO43xHm8/tokens?__clerk_api_version=2026-05-12&_clerk_js_version=6.25.2&__clerk_db_jwt=dvb_3GCdTTAaYFLwypdowfGPoHlDHyJ:0
[ 1142661ms] [ERROR] Failed to load resource: the server responded with a status of 404 () @ https://related-opossum-66.clerk.accounts.dev/v1/client/sessions/sess_3GS2rZojFrwM6psiwgFxO43xHm8/tokens?__clerk_api_version=2026-05-12&_clerk_js_version=6.25.2&__clerk_db_jwt=dvb_3GCdTTAaYFLwypdowfGPoHlDHyJ:0
[ 1148710ms] [ERROR] Failed to load resource: the server responded with a status of 404 () @ https://related-opossum-66.clerk.accounts.dev/v1/client/sessions/sess_3GS2rZojFrwM6psiwgFxO43xHm8/tokens?__clerk_api_version=2026-05-12&_clerk_js_version=6.25.2&__clerk_db_jwt=dvb_3GCdTTAaYFLwypdowfGPoHlDHyJ:0
[ 1154255ms] [ERROR] Failed to load resource: the server responded with a status of 404 () @ https://related-opossum-66.clerk.accounts.dev/v1/client/sessions/sess_3GS2rZojFrwM6psiwgFxO43xHm8/tokens?__clerk_api_version=2026-05-12&_clerk_js_version=6.25.2&__clerk_db_jwt=dvb_3GCdTTAaYFLwypdowfGPoHlDHyJ:0
[ 1160315ms] [ERROR] Failed to load resource: the server responded with a status of 404 () @ https://related-opossum-66.clerk.accounts.dev/v1/client/sessions/sess_3GS2rZojFrwM6psiwgFxO43xHm8/tokens?__clerk_api_version=2026-05-12&_clerk_js_version=6.25.2&__clerk_db_jwt=dvb_3GCdTTAaYFLwypdowfGPoHlDHyJ:0
[ 1166939ms] [ERROR] Failed to load resource: the server responded with a status of 404 () @ https://related-opossum-66.clerk.accounts.dev/v1/client/sessions/sess_3GS2rZojFrwM6psiwgFxO43xHm8/tokens?__clerk_api_version=2026-05-12&_clerk_js_version=6.25.2&__clerk_db_jwt=dvb_3GCdTTAaYFLwypdowfGPoHlDHyJ:0
[ 1173512ms] [ERROR] Failed to load resource: the server responded with a status of 404 () @ https://related-opossum-66.clerk.accounts.dev/v1/client/sessions/sess_3GS2rZojFrwM6psiwgFxO43xHm8/tokens?__clerk_api_version=2026-05-12&_clerk_js_version=6.25.2&__clerk_db_jwt=dvb_3GCdTTAaYFLwypdowfGPoHlDHyJ:0
[ 1179624ms] [ERROR] Failed to load resource: the server responded with a status of 404 () @ https://related-opossum-66.clerk.accounts.dev/v1/client/sessions/sess_3GS2rZojFrwM6psiwgFxO43xHm8/tokens?__clerk_api_version=2026-05-12&_clerk_js_version=6.25.2&__clerk_db_jwt=dvb_3GCdTTAaYFLwypdowfGPoHlDHyJ:0
[ 1185499ms] [ERROR] Failed to load resource: the server responded with a status of 404 () @ https://related-opossum-66.clerk.accounts.dev/v1/client/sessions/sess_3GS2rZojFrwM6psiwgFxO43xHm8/tokens?__clerk_api_version=2026-05-12&_clerk_js_version=6.25.2&__clerk_db_jwt=dvb_3GCdTTAaYFLwypdowfGPoHlDHyJ:0
[ 1191457ms] [ERROR] Failed to load resource: the server responded with a status of 404 () @ https://related-opossum-66.clerk.accounts.dev/v1/client/sessions/sess_3GS2rZojFrwM6psiwgFxO43xHm8/tokens?__clerk_api_version=2026-05-12&_clerk_js_version=6.25.2&__clerk_db_jwt=dvb_3GCdTTAaYFLwypdowfGPoHlDHyJ:0
[ 1197091ms] [ERROR] Failed to load resource: the server responded with a status of 404 () @ https://related-opossum-66.clerk.accounts.dev/v1/client/sessions/sess_3GS2rZojFrwM6psiwgFxO43xHm8/tokens?__clerk_api_version=2026-05-12&_clerk_js_version=6.25.2&__clerk_db_jwt=dvb_3GCdTTAaYFLwypdowfGPoHlDHyJ:0
[ 1203226ms] [ERROR] Failed to load resource: the server responded with a status of 404 () @ https://related-opossum-66.clerk.accounts.dev/v1/client/sessions/sess_3GS2rZojFrwM6psiwgFxO43xHm8/tokens?__clerk_api_version=2026-05-12&_clerk_js_version=6.25.2&__clerk_db_jwt=dvb_3GCdTTAaYFLwypdowfGPoHlDHyJ:0
[ 1209156ms] [ERROR] Failed to load resource: the server responded with a status of 404 () @ https://related-opossum-66.clerk.accounts.dev/v1/client/sessions/sess_3GS2rZojFrwM6psiwgFxO43xHm8/tokens?__clerk_api_version=2026-05-12&_clerk_js_version=6.25.2&__clerk_db_jwt=dvb_3GCdTTAaYFLwypdowfGPoHlDHyJ:0
[ 1215576ms] [ERROR] Failed to load resource: the server responded with a status of 404 () @ https://related-opossum-66.clerk.accounts.dev/v1/client/sessions/sess_3GS2rZojFrwM6psiwgFxO43xHm8/tokens?__clerk_api_version=2026-05-12&_clerk_js_version=6.25.2&__clerk_db_jwt=dvb_3GCdTTAaYFLwypdowfGPoHlDHyJ:0
[ 1221100ms] [ERROR] Failed to load resource: the server responded with a status of 404 () @ https://related-opossum-66.clerk.accounts.dev/v1/client/sessions/sess_3GS2rZojFrwM6psiwgFxO43xHm8/tokens?__clerk_api_version=2026-05-12&_clerk_js_version=6.25.2&__clerk_db_jwt=dvb_3GCdTTAaYFLwypdowfGPoHlDHyJ:0
[ 1226602ms] [ERROR] Failed to load resource: the server responded with a status of 404 () @ https://related-opossum-66.clerk.accounts.dev/v1/client/sessions/sess_3GS2rZojFrwM6psiwgFxO43xHm8/tokens?__clerk_api_version=2026-05-12&_clerk_js_version=6.25.2&__clerk_db_jwt=dvb_3GCdTTAaYFLwypdowfGPoHlDHyJ:0
[ 1233388ms] [ERROR] Failed to load resource: the server responded with a status of 404 () @ https://related-opossum-66.clerk.accounts.dev/v1/client/sessions/sess_3GS2rZojFrwM6psiwgFxO43xHm8/tokens?__clerk_api_version=2026-05-12&_clerk_js_version=6.25.2&__clerk_db_jwt=dvb_3GCdTTAaYFLwypdowfGPoHlDHyJ:0
[ 1238941ms] [ERROR] Failed to load resource: the server responded with a status of 404 () @ https://related-opossum-66.clerk.accounts.dev/v1/client/sessions/sess_3GS2rZojFrwM6psiwgFxO43xHm8/tokens?__clerk_api_version=2026-05-12&_clerk_js_version=6.25.2&__clerk_db_jwt=dvb_3GCdTTAaYFLwypdowfGPoHlDHyJ:0
[ 1246102ms] [ERROR] Failed to load resource: the server responded with a status of 404 () @ https://related-opossum-66.clerk.accounts.dev/v1/client/sessions/sess_3GS2rZojFrwM6psiwgFxO43xHm8/tokens?__clerk_api_version=2026-05-12&_clerk_js_version=6.25.2&__clerk_db_jwt=dvb_3GCdTTAaYFLwypdowfGPoHlDHyJ:0
[ 1252822ms] [ERROR] Failed to load resource: the server responded with a status of 404 () @ https://related-opossum-66.clerk.accounts.dev/v1/client/sessions/sess_3GS2rZojFrwM6psiwgFxO43xHm8/tokens?__clerk_api_version=2026-05-12&_clerk_js_version=6.25.2&__clerk_db_jwt=dvb_3GCdTTAaYFLwypdowfGPoHlDHyJ:0
[ 1258659ms] [ERROR] Failed to load resource: the server responded with a status of 404 () @ https://related-opossum-66.clerk.accounts.dev/v1/client/sessions/sess_3GS2rZojFrwM6psiwgFxO43xHm8/tokens?__clerk_api_version=2026-05-12&_clerk_js_version=6.25.2&__clerk_db_jwt=dvb_3GCdTTAaYFLwypdowfGPoHlDHyJ:0
[ 1265106ms] [ERROR] Failed to load resource: the server responded with a status of 404 () @ https://related-opossum-66.clerk.accounts.dev/v1/client/sessions/sess_3GS2rZojFrwM6psiwgFxO43xHm8/tokens?__clerk_api_version=2026-05-12&_clerk_js_version=6.25.2&__clerk_db_jwt=dvb_3GCdTTAaYFLwypdowfGPoHlDHyJ:0
[ 1271725ms] [LOG] [Fast Refresh] rebuilding @ http://localhost:3000/_next/static/chunks/node_modules_next_dist_1ybzpk2._.js:2477
[ 1271785ms] [ERROR] Failed to load resource: the server responded with a status of 404 () @ https://related-opossum-66.clerk.accounts.dev/v1/client/sessions/sess_3GS2rZojFrwM6psiwgFxO43xHm8/tokens?__clerk_api_version=2026-05-12&_clerk_js_version=6.25.2&__clerk_db_jwt=dvb_3GCdTTAaYFLwypdowfGPoHlDHyJ:0
[ 1271792ms] [LOG] [Fast Refresh] done in 111ms @ http://localhost:3000/_next/static/chunks/node_modules_next_dist_1ybzpk2._.js:2477
[ 1278026ms] [ERROR] Failed to load resource: the server responded with a status of 404 () @ https://related-opossum-66.clerk.accounts.dev/v1/client/sessions/sess_3GS2rZojFrwM6psiwgFxO43xHm8/tokens?__clerk_api_version=2026-05-12&_clerk_js_version=6.25.2&__clerk_db_jwt=dvb_3GCdTTAaYFLwypdowfGPoHlDHyJ:0
[ 1279702ms] [LOG] [Fast Refresh] rebuilding @ http://localhost:3000/_next/static/chunks/node_modules_next_dist_1ybzpk2._.js:2477
[ 1279756ms] [LOG] [Fast Refresh] done in 76ms @ http://localhost:3000/_next/static/chunks/node_modules_next_dist_1ybzpk2._.js:2477
[ 1281277ms] [ERROR] Failed to load resource: the server responded with a status of 401 (Unauthorized) @ http://localhost:3000/api/projects/cmrjaa11q0000f3g75kayid7g/canvas:0
[ 1281278ms] [ERROR] Error: Canvas autosave failed (401)
    at useCanvasAutosave.useCallback[save] (http://localhost:3000/_next/static/chunks/_0qgl2cd._.js:3994:27) @ http://localhost:3000/_next/static/chunks/node_modules_next_dist_1ybzpk2._.js:3318
[ 1284206ms] [ERROR] Failed to load resource: the server responded with a status of 404 () @ https://related-opossum-66.clerk.accounts.dev/v1/client/sessions/sess_3GS2rZojFrwM6psiwgFxO43xHm8/tokens?__clerk_api_version=2026-05-12&_clerk_js_version=6.25.2&__clerk_db_jwt=dvb_3GCdTTAaYFLwypdowfGPoHlDHyJ:0
[ 1290084ms] [ERROR] Failed to load resource: the server responded with a status of 404 () @ https://related-opossum-66.clerk.accounts.dev/v1/client/sessions/sess_3GS2rZojFrwM6psiwgFxO43xHm8/tokens?__clerk_api_version=2026-05-12&_clerk_js_version=6.25.2&__clerk_db_jwt=dvb_3GCdTTAaYFLwypdowfGPoHlDHyJ:0
[ 1292309ms] [LOG] [Fast Refresh] rebuilding @ http://localhost:3000/_next/static/chunks/node_modules_next_dist_1ybzpk2._.js:2477
[ 1292342ms] [LOG] [Fast Refresh] done in 57ms @ http://localhost:3000/_next/static/chunks/node_modules_next_dist_1ybzpk2._.js:2477
[ 1293867ms] [ERROR] Failed to load resource: the server responded with a status of 401 (Unauthorized) @ http://localhost:3000/api/projects/cmrjaa11q0000f3g75kayid7g/canvas:0
[ 1293868ms] [ERROR] Error: Canvas autosave failed (401)
    at useCanvasAutosave.useCallback[save] (http://localhost:3000/_next/static/chunks/_0qgl2cd._.js:3994:27) @ http://localhost:3000/_next/static/chunks/node_modules_next_dist_1ybzpk2._.js:3318
[ 1296604ms] [ERROR] Failed to load resource: the server responded with a status of 404 () @ https://related-opossum-66.clerk.accounts.dev/v1/client/sessions/sess_3GS2rZojFrwM6psiwgFxO43xHm8/tokens?__clerk_api_version=2026-05-12&_clerk_js_version=6.25.2&__clerk_db_jwt=dvb_3GCdTTAaYFLwypdowfGPoHlDHyJ:0
[ 1302146ms] [ERROR] Failed to load resource: the server responded with a status of 404 () @ https://related-opossum-66.clerk.accounts.dev/v1/client/sessions/sess_3GS2rZojFrwM6psiwgFxO43xHm8/tokens?__clerk_api_version=2026-05-12&_clerk_js_version=6.25.2&__clerk_db_jwt=dvb_3GCdTTAaYFLwypdowfGPoHlDHyJ:0
[ 1307723ms] [ERROR] Failed to load resource: the server responded with a status of 404 () @ https://related-opossum-66.clerk.accounts.dev/v1/client/sessions/sess_3GS2rZojFrwM6psiwgFxO43xHm8/tokens?__clerk_api_version=2026-05-12&_clerk_js_version=6.25.2&__clerk_db_jwt=dvb_3GCdTTAaYFLwypdowfGPoHlDHyJ:0
[ 1313311ms] [ERROR] Failed to load resource: the server responded with a status of 404 () @ https://related-opossum-66.clerk.accounts.dev/v1/client/sessions/sess_3GS2rZojFrwM6psiwgFxO43xHm8/tokens?__clerk_api_version=2026-05-12&_clerk_js_version=6.25.2&__clerk_db_jwt=dvb_3GCdTTAaYFLwypdowfGPoHlDHyJ:0
[ 1319370ms] [ERROR] Failed to load resource: the server responded with a status of 404 () @ https://related-opossum-66.clerk.accounts.dev/v1/client/sessions/sess_3GS2rZojFrwM6psiwgFxO43xHm8/tokens?__clerk_api_version=2026-05-12&_clerk_js_version=6.25.2&__clerk_db_jwt=dvb_3GCdTTAaYFLwypdowfGPoHlDHyJ:0
[ 1320883ms] [LOG] [Fast Refresh] rebuilding @ http://localhost:3000/_next/static/chunks/node_modules_next_dist_1ybzpk2._.js:2477
[ 1320910ms] [LOG] [Fast Refresh] done in 51ms @ http://localhost:3000/_next/static/chunks/node_modules_next_dist_1ybzpk2._.js:2477
[ 1324740ms] [ERROR] Failed to load resource: the server responded with a status of 404 () @ https://related-opossum-66.clerk.accounts.dev/v1/client/sessions/sess_3GS2rZojFrwM6psiwgFxO43xHm8/tokens?__clerk_api_version=2026-05-12&_clerk_js_version=6.25.2&__clerk_db_jwt=dvb_3GCdTTAaYFLwypdowfGPoHlDHyJ:0
[ 1330264ms] [LOG] [Fast Refresh] rebuilding @ http://localhost:3000/_next/static/chunks/node_modules_next_dist_1ybzpk2._.js:2477
[ 1330290ms] [LOG] [Fast Refresh] done in 33ms @ http://localhost:3000/_next/static/chunks/node_modules_next_dist_1ybzpk2._.js:2477
[ 1331260ms] [ERROR] Failed to load resource: the server responded with a status of 404 () @ https://related-opossum-66.clerk.accounts.dev/v1/client/sessions/sess_3GS2rZojFrwM6psiwgFxO43xHm8/tokens?__clerk_api_version=2026-05-12&_clerk_js_version=6.25.2&__clerk_db_jwt=dvb_3GCdTTAaYFLwypdowfGPoHlDHyJ:0
[ 1337414ms] [ERROR] Failed to load resource: the server responded with a status of 404 () @ https://related-opossum-66.clerk.accounts.dev/v1/client/sessions/sess_3GS2rZojFrwM6psiwgFxO43xHm8/tokens?__clerk_api_version=2026-05-12&_clerk_js_version=6.25.2&__clerk_db_jwt=dvb_3GCdTTAaYFLwypdowfGPoHlDHyJ:0
[ 1337913ms] [LOG] [Fast Refresh] rebuilding @ http://localhost:3000/_next/static/chunks/node_modules_next_dist_1ybzpk2._.js:2477
[ 1337937ms] [LOG] [Fast Refresh] done in 72ms @ http://localhost:3000/_next/static/chunks/node_modules_next_dist_1ybzpk2._.js:2477
[ 1344084ms] [ERROR] Failed to load resource: the server responded with a status of 404 () @ https://related-opossum-66.clerk.accounts.dev/v1/client/sessions/sess_3GS2rZojFrwM6psiwgFxO43xHm8/tokens?__clerk_api_version=2026-05-12&_clerk_js_version=6.25.2&__clerk_db_jwt=dvb_3GCdTTAaYFLwypdowfGPoHlDHyJ:0
[ 1347773ms] [LOG] [Fast Refresh] rebuilding @ http://localhost:3000/_next/static/chunks/node_modules_next_dist_1ybzpk2._.js:2477
[ 1347795ms] [LOG] [Fast Refresh] done in 48ms @ http://localhost:3000/_next/static/chunks/node_modules_next_dist_1ybzpk2._.js:2477
[ 1350130ms] [ERROR] Failed to load resource: the server responded with a status of 404 () @ https://related-opossum-66.clerk.accounts.dev/v1/client/sessions/sess_3GS2rZojFrwM6psiwgFxO43xHm8/tokens?__clerk_api_version=2026-05-12&_clerk_js_version=6.25.2&__clerk_db_jwt=dvb_3GCdTTAaYFLwypdowfGPoHlDHyJ:0
[ 1355471ms] [LOG] [Fast Refresh] rebuilding @ http://localhost:3000/_next/static/chunks/node_modules_next_dist_1ybzpk2._.js:2477
[ 1355484ms] [ERROR] Failed to load resource: the server responded with a status of 404 () @ https://related-opossum-66.clerk.accounts.dev/v1/client/sessions/sess_3GS2rZojFrwM6psiwgFxO43xHm8/tokens?__clerk_api_version=2026-05-12&_clerk_js_version=6.25.2&__clerk_db_jwt=dvb_3GCdTTAaYFLwypdowfGPoHlDHyJ:0
[ 1355500ms] [LOG] [Fast Refresh] done in 36ms @ http://localhost:3000/_next/static/chunks/node_modules_next_dist_1ybzpk2._.js:2477
[ 1361964ms] [ERROR] Failed to load resource: the server responded with a status of 404 () @ https://related-opossum-66.clerk.accounts.dev/v1/client/sessions/sess_3GS2rZojFrwM6psiwgFxO43xHm8/tokens?__clerk_api_version=2026-05-12&_clerk_js_version=6.25.2&__clerk_db_jwt=dvb_3GCdTTAaYFLwypdowfGPoHlDHyJ:0
[ 1366422ms] [LOG] [Fast Refresh] rebuilding @ http://localhost:3000/_next/static/chunks/node_modules_next_dist_1ybzpk2._.js:2477
[ 1366430ms] [LOG] [Fast Refresh] done in 110ms @ http://localhost:3000/_next/static/chunks/node_modules_next_dist_1ybzpk2._.js:2477
[ 1367439ms] [ERROR] Failed to load resource: the server responded with a status of 404 () @ https://related-opossum-66.clerk.accounts.dev/v1/client/sessions/sess_3GS2rZojFrwM6psiwgFxO43xHm8/tokens?__clerk_api_version=2026-05-12&_clerk_js_version=6.25.2&__clerk_db_jwt=dvb_3GCdTTAaYFLwypdowfGPoHlDHyJ:0
[ 1373854ms] [ERROR] Failed to load resource: the server responded with a status of 404 () @ https://related-opossum-66.clerk.accounts.dev/v1/client/sessions/sess_3GS2rZojFrwM6psiwgFxO43xHm8/tokens?__clerk_api_version=2026-05-12&_clerk_js_version=6.25.2&__clerk_db_jwt=dvb_3GCdTTAaYFLwypdowfGPoHlDHyJ:0
[ 1379706ms] [ERROR] Failed to load resource: the server responded with a status of 404 () @ https://related-opossum-66.clerk.accounts.dev/v1/client/sessions/sess_3GS2rZojFrwM6psiwgFxO43xHm8/tokens?__clerk_api_version=2026-05-12&_clerk_js_version=6.25.2&__clerk_db_jwt=dvb_3GCdTTAaYFLwypdowfGPoHlDHyJ:0
[ 1385822ms] [ERROR] Failed to load resource: the server responded with a status of 404 () @ https://related-opossum-66.clerk.accounts.dev/v1/client/sessions/sess_3GS2rZojFrwM6psiwgFxO43xHm8/tokens?__clerk_api_version=2026-05-12&_clerk_js_version=6.25.2&__clerk_db_jwt=dvb_3GCdTTAaYFLwypdowfGPoHlDHyJ:0
[ 1391759ms] [ERROR] Failed to load resource: the server responded with a status of 404 () @ https://related-opossum-66.clerk.accounts.dev/v1/client/sessions/sess_3GS2rZojFrwM6psiwgFxO43xHm8/tokens?__clerk_api_version=2026-05-12&_clerk_js_version=6.25.2&__clerk_db_jwt=dvb_3GCdTTAaYFLwypdowfGPoHlDHyJ:0
[ 1397219ms] [ERROR] Failed to load resource: the server responded with a status of 404 () @ https://related-opossum-66.clerk.accounts.dev/v1/client/sessions/sess_3GS2rZojFrwM6psiwgFxO43xHm8/tokens?__clerk_api_version=2026-05-12&_clerk_js_version=6.25.2&__clerk_db_jwt=dvb_3GCdTTAaYFLwypdowfGPoHlDHyJ:0
[ 1403278ms] [ERROR] Failed to load resource: the server responded with a status of 404 () @ https://related-opossum-66.clerk.accounts.dev/v1/client/sessions/sess_3GS2rZojFrwM6psiwgFxO43xHm8/tokens?__clerk_api_version=2026-05-12&_clerk_js_version=6.25.2&__clerk_db_jwt=dvb_3GCdTTAaYFLwypdowfGPoHlDHyJ:0
[ 1409425ms] [ERROR] Failed to load resource: the server responded with a status of 404 () @ https://related-opossum-66.clerk.accounts.dev/v1/client/sessions/sess_3GS2rZojFrwM6psiwgFxO43xHm8/tokens?__clerk_api_version=2026-05-12&_clerk_js_version=6.25.2&__clerk_db_jwt=dvb_3GCdTTAaYFLwypdowfGPoHlDHyJ:0
[ 1415911ms] [ERROR] Failed to load resource: the server responded with a status of 404 () @ https://related-opossum-66.clerk.accounts.dev/v1/client/sessions/sess_3GS2rZojFrwM6psiwgFxO43xHm8/tokens?__clerk_api_version=2026-05-12&_clerk_js_version=6.25.2&__clerk_db_jwt=dvb_3GCdTTAaYFLwypdowfGPoHlDHyJ:0
[ 1421366ms] [ERROR] Failed to load resource: the server responded with a status of 404 () @ https://related-opossum-66.clerk.accounts.dev/v1/client/sessions/sess_3GS2rZojFrwM6psiwgFxO43xHm8/tokens?__clerk_api_version=2026-05-12&_clerk_js_version=6.25.2&__clerk_db_jwt=dvb_3GCdTTAaYFLwypdowfGPoHlDHyJ:0
[ 1427281ms] [ERROR] Failed to load resource: the server responded with a status of 404 () @ https://related-opossum-66.clerk.accounts.dev/v1/client/sessions/sess_3GS2rZojFrwM6psiwgFxO43xHm8/tokens?__clerk_api_version=2026-05-12&_clerk_js_version=6.25.2&__clerk_db_jwt=dvb_3GCdTTAaYFLwypdowfGPoHlDHyJ:0
[ 1433737ms] [ERROR] Failed to load resource: the server responded with a status of 404 () @ https://related-opossum-66.clerk.accounts.dev/v1/client/sessions/sess_3GS2rZojFrwM6psiwgFxO43xHm8/tokens?__clerk_api_version=2026-05-12&_clerk_js_version=6.25.2&__clerk_db_jwt=dvb_3GCdTTAaYFLwypdowfGPoHlDHyJ:0
[ 1440419ms] [ERROR] Failed to load resource: the server responded with a status of 404 () @ https://related-opossum-66.clerk.accounts.dev/v1/client/sessions/sess_3GS2rZojFrwM6psiwgFxO43xHm8/tokens?__clerk_api_version=2026-05-12&_clerk_js_version=6.25.2&__clerk_db_jwt=dvb_3GCdTTAaYFLwypdowfGPoHlDHyJ:0
[ 1446067ms] [ERROR] Failed to load resource: the server responded with a status of 404 () @ https://related-opossum-66.clerk.accounts.dev/v1/client/sessions/sess_3GS2rZojFrwM6psiwgFxO43xHm8/tokens?__clerk_api_version=2026-05-12&_clerk_js_version=6.25.2&__clerk_db_jwt=dvb_3GCdTTAaYFLwypdowfGPoHlDHyJ:0
[ 1452172ms] [ERROR] Failed to load resource: the server responded with a status of 404 () @ https://related-opossum-66.clerk.accounts.dev/v1/client/sessions/sess_3GS2rZojFrwM6psiwgFxO43xHm8/tokens?__clerk_api_version=2026-05-12&_clerk_js_version=6.25.2&__clerk_db_jwt=dvb_3GCdTTAaYFLwypdowfGPoHlDHyJ:0
[ 1458857ms] [ERROR] Failed to load resource: the server responded with a status of 404 () @ https://related-opossum-66.clerk.accounts.dev/v1/client/sessions/sess_3GS2rZojFrwM6psiwgFxO43xHm8/tokens?__clerk_api_version=2026-05-12&_clerk_js_version=6.25.2&__clerk_db_jwt=dvb_3GCdTTAaYFLwypdowfGPoHlDHyJ:0
[ 1465291ms] [ERROR] Failed to load resource: the server responded with a status of 404 () @ https://related-opossum-66.clerk.accounts.dev/v1/client/sessions/sess_3GS2rZojFrwM6psiwgFxO43xHm8/tokens?__clerk_api_version=2026-05-12&_clerk_js_version=6.25.2&__clerk_db_jwt=dvb_3GCdTTAaYFLwypdowfGPoHlDHyJ:0
[ 1471834ms] [ERROR] Failed to load resource: the server responded with a status of 404 () @ https://related-opossum-66.clerk.accounts.dev/v1/client/sessions/sess_3GS2rZojFrwM6psiwgFxO43xHm8/tokens?__clerk_api_version=2026-05-12&_clerk_js_version=6.25.2&__clerk_db_jwt=dvb_3GCdTTAaYFLwypdowfGPoHlDHyJ:0
[ 1478127ms] [ERROR] Failed to load resource: the server responded with a status of 404 () @ https://related-opossum-66.clerk.accounts.dev/v1/client/sessions/sess_3GS2rZojFrwM6psiwgFxO43xHm8/tokens?__clerk_api_version=2026-05-12&_clerk_js_version=6.25.2&__clerk_db_jwt=dvb_3GCdTTAaYFLwypdowfGPoHlDHyJ:0
[ 1484673ms] [ERROR] Failed to load resource: the server responded with a status of 404 () @ https://related-opossum-66.clerk.accounts.dev/v1/client/sessions/sess_3GS2rZojFrwM6psiwgFxO43xHm8/tokens?__clerk_api_version=2026-05-12&_clerk_js_version=6.25.2&__clerk_db_jwt=dvb_3GCdTTAaYFLwypdowfGPoHlDHyJ:0
[ 1491180ms] [ERROR] Failed to load resource: the server responded with a status of 404 () @ https://related-opossum-66.clerk.accounts.dev/v1/client/sessions/sess_3GS2rZojFrwM6psiwgFxO43xHm8/tokens?__clerk_api_version=2026-05-12&_clerk_js_version=6.25.2&__clerk_db_jwt=dvb_3GCdTTAaYFLwypdowfGPoHlDHyJ:0
[ 1497418ms] [ERROR] Failed to load resource: the server responded with a status of 404 () @ https://related-opossum-66.clerk.accounts.dev/v1/client/sessions/sess_3GS2rZojFrwM6psiwgFxO43xHm8/tokens?__clerk_api_version=2026-05-12&_clerk_js_version=6.25.2&__clerk_db_jwt=dvb_3GCdTTAaYFLwypdowfGPoHlDHyJ:0
[ 1503166ms] [ERROR] Failed to load resource: the server responded with a status of 404 () @ https://related-opossum-66.clerk.accounts.dev/v1/client/sessions/sess_3GS2rZojFrwM6psiwgFxO43xHm8/tokens?__clerk_api_version=2026-05-12&_clerk_js_version=6.25.2&__clerk_db_jwt=dvb_3GCdTTAaYFLwypdowfGPoHlDHyJ:0
[ 1505498ms] [LOG] [Fast Refresh] rebuilding @ http://localhost:3000/_next/static/chunks/node_modules_next_dist_1ybzpk2._.js:2477
[ 1505524ms] [LOG] [Fast Refresh] done in 81ms @ http://localhost:3000/_next/static/chunks/node_modules_next_dist_1ybzpk2._.js:2477
[ 1509807ms] [ERROR] Failed to load resource: the server responded with a status of 404 () @ https://related-opossum-66.clerk.accounts.dev/v1/client/sessions/sess_3GS2rZojFrwM6psiwgFxO43xHm8/tokens?__clerk_api_version=2026-05-12&_clerk_js_version=6.25.2&__clerk_db_jwt=dvb_3GCdTTAaYFLwypdowfGPoHlDHyJ:0
[ 1512970ms] [LOG] [Fast Refresh] rebuilding @ http://localhost:3000/_next/static/chunks/node_modules_next_dist_1ybzpk2._.js:2477
[ 1512996ms] [LOG] [Fast Refresh] done in 39ms @ http://localhost:3000/_next/static/chunks/node_modules_next_dist_1ybzpk2._.js:2477
[ 1515498ms] [ERROR] Failed to load resource: the server responded with a status of 404 () @ https://related-opossum-66.clerk.accounts.dev/v1/client/sessions/sess_3GS2rZojFrwM6psiwgFxO43xHm8/tokens?__clerk_api_version=2026-05-12&_clerk_js_version=6.25.2&__clerk_db_jwt=dvb_3GCdTTAaYFLwypdowfGPoHlDHyJ:0
[ 1517315ms] [LOG] [Fast Refresh] rebuilding @ http://localhost:3000/_next/static/chunks/node_modules_next_dist_1ybzpk2._.js:2477
[ 1517344ms] [LOG] [Fast Refresh] done in 31ms @ http://localhost:3000/_next/static/chunks/node_modules_next_dist_1ybzpk2._.js:2477
[ 1521729ms] [ERROR] Failed to load resource: the server responded with a status of 404 () @ https://related-opossum-66.clerk.accounts.dev/v1/client/sessions/sess_3GS2rZojFrwM6psiwgFxO43xHm8/tokens?__clerk_api_version=2026-05-12&_clerk_js_version=6.25.2&__clerk_db_jwt=dvb_3GCdTTAaYFLwypdowfGPoHlDHyJ:0
[ 1528440ms] [ERROR] Failed to load resource: the server responded with a status of 404 () @ https://related-opossum-66.clerk.accounts.dev/v1/client/sessions/sess_3GS2rZojFrwM6psiwgFxO43xHm8/tokens?__clerk_api_version=2026-05-12&_clerk_js_version=6.25.2&__clerk_db_jwt=dvb_3GCdTTAaYFLwypdowfGPoHlDHyJ:0
[ 1535053ms] [ERROR] Failed to load resource: the server responded with a status of 404 () @ https://related-opossum-66.clerk.accounts.dev/v1/client/sessions/sess_3GS2rZojFrwM6psiwgFxO43xHm8/tokens?__clerk_api_version=2026-05-12&_clerk_js_version=6.25.2&__clerk_db_jwt=dvb_3GCdTTAaYFLwypdowfGPoHlDHyJ:0
[ 1541515ms] [ERROR] Failed to load resource: the server responded with a status of 404 () @ https://related-opossum-66.clerk.accounts.dev/v1/client/sessions/sess_3GS2rZojFrwM6psiwgFxO43xHm8/tokens?__clerk_api_version=2026-05-12&_clerk_js_version=6.25.2&__clerk_db_jwt=dvb_3GCdTTAaYFLwypdowfGPoHlDHyJ:0
[ 1548150ms] [ERROR] Failed to load resource: the server responded with a status of 404 () @ https://related-opossum-66.clerk.accounts.dev/v1/client/sessions/sess_3GS2rZojFrwM6psiwgFxO43xHm8/tokens?__clerk_api_version=2026-05-12&_clerk_js_version=6.25.2&__clerk_db_jwt=dvb_3GCdTTAaYFLwypdowfGPoHlDHyJ:0
[ 1554943ms] [ERROR] Failed to load resource: the server responded with a status of 404 () @ https://related-opossum-66.clerk.accounts.dev/v1/client/sessions/sess_3GS2rZojFrwM6psiwgFxO43xHm8/tokens?__clerk_api_version=2026-05-12&_clerk_js_version=6.25.2&__clerk_db_jwt=dvb_3GCdTTAaYFLwypdowfGPoHlDHyJ:0
[ 1560501ms] [ERROR] Failed to load resource: the server responded with a status of 404 () @ https://related-opossum-66.clerk.accounts.dev/v1/client/sessions/sess_3GS2rZojFrwM6psiwgFxO43xHm8/tokens?__clerk_api_version=2026-05-12&_clerk_js_version=6.25.2&__clerk_db_jwt=dvb_3GCdTTAaYFLwypdowfGPoHlDHyJ:0
[ 1566956ms] [ERROR] Failed to load resource: the server responded with a status of 404 () @ https://related-opossum-66.clerk.accounts.dev/v1/client/sessions/sess_3GS2rZojFrwM6psiwgFxO43xHm8/tokens?__clerk_api_version=2026-05-12&_clerk_js_version=6.25.2&__clerk_db_jwt=dvb_3GCdTTAaYFLwypdowfGPoHlDHyJ:0
[ 1573276ms] [ERROR] Failed to load resource: the server responded with a status of 404 () @ https://related-opossum-66.clerk.accounts.dev/v1/client/sessions/sess_3GS2rZojFrwM6psiwgFxO43xHm8/tokens?__clerk_api_version=2026-05-12&_clerk_js_version=6.25.2&__clerk_db_jwt=dvb_3GCdTTAaYFLwypdowfGPoHlDHyJ:0
[ 1578976ms] [ERROR] Failed to load resource: the server responded with a status of 404 () @ https://related-opossum-66.clerk.accounts.dev/v1/client/sessions/sess_3GS2rZojFrwM6psiwgFxO43xHm8/tokens?__clerk_api_version=2026-05-12&_clerk_js_version=6.25.2&__clerk_db_jwt=dvb_3GCdTTAaYFLwypdowfGPoHlDHyJ:0
[ 1585447ms] [ERROR] Failed to load resource: the server responded with a status of 404 () @ https://related-opossum-66.clerk.accounts.dev/v1/client/sessions/sess_3GS2rZojFrwM6psiwgFxO43xHm8/tokens?__clerk_api_version=2026-05-12&_clerk_js_version=6.25.2&__clerk_db_jwt=dvb_3GCdTTAaYFLwypdowfGPoHlDHyJ:0
[ 1592232ms] [ERROR] Failed to load resource: the server responded with a status of 404 () @ https://related-opossum-66.clerk.accounts.dev/v1/client/sessions/sess_3GS2rZojFrwM6psiwgFxO43xHm8/tokens?__clerk_api_version=2026-05-12&_clerk_js_version=6.25.2&__clerk_db_jwt=dvb_3GCdTTAaYFLwypdowfGPoHlDHyJ:0
[ 1598869ms] [ERROR] Failed to load resource: the server responded with a status of 404 () @ https://related-opossum-66.clerk.accounts.dev/v1/client/sessions/sess_3GS2rZojFrwM6psiwgFxO43xHm8/tokens?__clerk_api_version=2026-05-12&_clerk_js_version=6.25.2&__clerk_db_jwt=dvb_3GCdTTAaYFLwypdowfGPoHlDHyJ:0
[ 1605574ms] [ERROR] Failed to load resource: the server responded with a status of 404 () @ https://related-opossum-66.clerk.accounts.dev/v1/client/sessions/sess_3GS2rZojFrwM6psiwgFxO43xHm8/tokens?__clerk_api_version=2026-05-12&_clerk_js_version=6.25.2&__clerk_db_jwt=dvb_3GCdTTAaYFLwypdowfGPoHlDHyJ:0
[ 1612394ms] [ERROR] Failed to load resource: the server responded with a status of 404 () @ https://related-opossum-66.clerk.accounts.dev/v1/client/sessions/sess_3GS2rZojFrwM6psiwgFxO43xHm8/tokens?__clerk_api_version=2026-05-12&_clerk_js_version=6.25.2&__clerk_db_jwt=dvb_3GCdTTAaYFLwypdowfGPoHlDHyJ:0
[ 1618072ms] [ERROR] Failed to load resource: the server responded with a status of 404 () @ https://related-opossum-66.clerk.accounts.dev/v1/client/sessions/sess_3GS2rZojFrwM6psiwgFxO43xHm8/tokens?__clerk_api_version=2026-05-12&_clerk_js_version=6.25.2&__clerk_db_jwt=dvb_3GCdTTAaYFLwypdowfGPoHlDHyJ:0
[ 1624036ms] [ERROR] Failed to load resource: the server responded with a status of 404 () @ https://related-opossum-66.clerk.accounts.dev/v1/client/sessions/sess_3GS2rZojFrwM6psiwgFxO43xHm8/tokens?__clerk_api_version=2026-05-12&_clerk_js_version=6.25.2&__clerk_db_jwt=dvb_3GCdTTAaYFLwypdowfGPoHlDHyJ:0
[ 1630375ms] [ERROR] Failed to load resource: the server responded with a status of 404 () @ https://related-opossum-66.clerk.accounts.dev/v1/client/sessions/sess_3GS2rZojFrwM6psiwgFxO43xHm8/tokens?__clerk_api_version=2026-05-12&_clerk_js_version=6.25.2&__clerk_db_jwt=dvb_3GCdTTAaYFLwypdowfGPoHlDHyJ:0
[ 1636227ms] [ERROR] Failed to load resource: the server responded with a status of 404 () @ https://related-opossum-66.clerk.accounts.dev/v1/client/sessions/sess_3GS2rZojFrwM6psiwgFxO43xHm8/tokens?__clerk_api_version=2026-05-12&_clerk_js_version=6.25.2&__clerk_db_jwt=dvb_3GCdTTAaYFLwypdowfGPoHlDHyJ:0
[ 1641592ms] [ERROR] Failed to load resource: the server responded with a status of 404 () @ https://related-opossum-66.clerk.accounts.dev/v1/client/sessions/sess_3GS2rZojFrwM6psiwgFxO43xHm8/tokens?__clerk_api_version=2026-05-12&_clerk_js_version=6.25.2&__clerk_db_jwt=dvb_3GCdTTAaYFLwypdowfGPoHlDHyJ:0
[ 1647133ms] [ERROR] Failed to load resource: the server responded with a status of 404 () @ https://related-opossum-66.clerk.accounts.dev/v1/client/sessions/sess_3GS2rZojFrwM6psiwgFxO43xHm8/tokens?__clerk_api_version=2026-05-12&_clerk_js_version=6.25.2&__clerk_db_jwt=dvb_3GCdTTAaYFLwypdowfGPoHlDHyJ:0
[ 1653880ms] [ERROR] Failed to load resource: the server responded with a status of 404 () @ https://related-opossum-66.clerk.accounts.dev/v1/client/sessions/sess_3GS2rZojFrwM6psiwgFxO43xHm8/tokens?__clerk_api_version=2026-05-12&_clerk_js_version=6.25.2&__clerk_db_jwt=dvb_3GCdTTAaYFLwypdowfGPoHlDHyJ:0
[ 1660219ms] [ERROR] Failed to load resource: the server responded with a status of 404 () @ https://related-opossum-66.clerk.accounts.dev/v1/client/sessions/sess_3GS2rZojFrwM6psiwgFxO43xHm8/tokens?__clerk_api_version=2026-05-12&_clerk_js_version=6.25.2&__clerk_db_jwt=dvb_3GCdTTAaYFLwypdowfGPoHlDHyJ:0
[ 1666491ms] [ERROR] Failed to load resource: the server responded with a status of 404 () @ https://related-opossum-66.clerk.accounts.dev/v1/client/sessions/sess_3GS2rZojFrwM6psiwgFxO43xHm8/tokens?__clerk_api_version=2026-05-12&_clerk_js_version=6.25.2&__clerk_db_jwt=dvb_3GCdTTAaYFLwypdowfGPoHlDHyJ:0
[ 1672633ms] [ERROR] Failed to load resource: the server responded with a status of 404 () @ https://related-opossum-66.clerk.accounts.dev/v1/client/sessions/sess_3GS2rZojFrwM6psiwgFxO43xHm8/tokens?__clerk_api_version=2026-05-12&_clerk_js_version=6.25.2&__clerk_db_jwt=dvb_3GCdTTAaYFLwypdowfGPoHlDHyJ:0
[ 1678949ms] [ERROR] Failed to load resource: the server responded with a status of 404 () @ https://related-opossum-66.clerk.accounts.dev/v1/client/sessions/sess_3GS2rZojFrwM6psiwgFxO43xHm8/tokens?__clerk_api_version=2026-05-12&_clerk_js_version=6.25.2&__clerk_db_jwt=dvb_3GCdTTAaYFLwypdowfGPoHlDHyJ:0
[ 1685134ms] [ERROR] Failed to load resource: the server responded with a status of 404 () @ https://related-opossum-66.clerk.accounts.dev/v1/client/sessions/sess_3GS2rZojFrwM6psiwgFxO43xHm8/tokens?__clerk_api_version=2026-05-12&_clerk_js_version=6.25.2&__clerk_db_jwt=dvb_3GCdTTAaYFLwypdowfGPoHlDHyJ:0
[ 1690512ms] [ERROR] Failed to load resource: the server responded with a status of 404 () @ https://related-opossum-66.clerk.accounts.dev/v1/client/sessions/sess_3GS2rZojFrwM6psiwgFxO43xHm8/tokens?__clerk_api_version=2026-05-12&_clerk_js_version=6.25.2&__clerk_db_jwt=dvb_3GCdTTAaYFLwypdowfGPoHlDHyJ:0
[ 1695819ms] [ERROR] Failed to load resource: the server responded with a status of 404 () @ https://related-opossum-66.clerk.accounts.dev/v1/client/sessions/sess_3GS2rZojFrwM6psiwgFxO43xHm8/tokens?__clerk_api_version=2026-05-12&_clerk_js_version=6.25.2&__clerk_db_jwt=dvb_3GCdTTAaYFLwypdowfGPoHlDHyJ:0
[ 1701387ms] [ERROR] Failed to load resource: the server responded with a status of 404 () @ https://related-opossum-66.clerk.accounts.dev/v1/client/sessions/sess_3GS2rZojFrwM6psiwgFxO43xHm8/tokens?__clerk_api_version=2026-05-12&_clerk_js_version=6.25.2&__clerk_db_jwt=dvb_3GCdTTAaYFLwypdowfGPoHlDHyJ:0
[ 1707371ms] [ERROR] Failed to load resource: the server responded with a status of 404 () @ https://related-opossum-66.clerk.accounts.dev/v1/client/sessions/sess_3GS2rZojFrwM6psiwgFxO43xHm8/tokens?__clerk_api_version=2026-05-12&_clerk_js_version=6.25.2&__clerk_db_jwt=dvb_3GCdTTAaYFLwypdowfGPoHlDHyJ:0
[ 1712848ms] [ERROR] Failed to load resource: the server responded with a status of 404 () @ https://related-opossum-66.clerk.accounts.dev/v1/client/sessions/sess_3GS2rZojFrwM6psiwgFxO43xHm8/tokens?__clerk_api_version=2026-05-12&_clerk_js_version=6.25.2&__clerk_db_jwt=dvb_3GCdTTAaYFLwypdowfGPoHlDHyJ:0
[ 1719492ms] [ERROR] Failed to load resource: the server responded with a status of 404 () @ https://related-opossum-66.clerk.accounts.dev/v1/client/sessions/sess_3GS2rZojFrwM6psiwgFxO43xHm8/tokens?__clerk_api_version=2026-05-12&_clerk_js_version=6.25.2&__clerk_db_jwt=dvb_3GCdTTAaYFLwypdowfGPoHlDHyJ:0
[ 1726087ms] [ERROR] Failed to load resource: the server responded with a status of 404 () @ https://related-opossum-66.clerk.accounts.dev/v1/client/sessions/sess_3GS2rZojFrwM6psiwgFxO43xHm8/tokens?__clerk_api_version=2026-05-12&_clerk_js_version=6.25.2&__clerk_db_jwt=dvb_3GCdTTAaYFLwypdowfGPoHlDHyJ:0
[ 1732754ms] [ERROR] Failed to load resource: the server responded with a status of 404 () @ https://related-opossum-66.clerk.accounts.dev/v1/client/sessions/sess_3GS2rZojFrwM6psiwgFxO43xHm8/tokens?__clerk_api_version=2026-05-12&_clerk_js_version=6.25.2&__clerk_db_jwt=dvb_3GCdTTAaYFLwypdowfGPoHlDHyJ:0
[ 1739459ms] [ERROR] Failed to load resource: the server responded with a status of 404 () @ https://related-opossum-66.clerk.accounts.dev/v1/client/sessions/sess_3GS2rZojFrwM6psiwgFxO43xHm8/tokens?__clerk_api_version=2026-05-12&_clerk_js_version=6.25.2&__clerk_db_jwt=dvb_3GCdTTAaYFLwypdowfGPoHlDHyJ:0
